Component: ARM Compiler 5.05 update 1 (build 106) Tool: armlink [4d0efa]

==============================================================================

Section Cross References

    boot.o(. text) refers to startup_arm_cc.o(.emb_text) for __thumb_startup
    dispatch.o(KERNEL) refers to mqxlite.o(.data) for _mqx_kernel_data
    cpu.o(.text) refers to events.o(.text) for Cpu_OnNMIINT
    cpu.o(.text) refers to mqxlite.o(.text) for _mqxlite_init
    cpu.o(.text) refers to io1.o(.text) for IO1_Init
    cpu.o(.text) refers to gpio1.o(.text) for GPIO1_Init
    cpu.o(.text) refers to vectors.o(.vectortable) for __vect_table
    cpu.o(.text) refers to mqx1.o(.constdata) for MQX_init_struct
    events.o(.text) refers to lwsem.o(.text) for _lwsem_post
    gpio1.o(.text) refers to events.o(.text) for GPIO1_OnPortEvent
    gpio1.o(.text) refers to int.o(.text) for _int_get_isr_data
    gpio1.o(.text) refers to gpio1.o(.bss) for DeviceDataPrv__DEFAULT_RTOS_ALLOC
    gpio1.o(.text) refers to pe_ldd.o(.bss) for PE_LDD_DeviceDataList
    io1.o(.text) refers to io1.o(.bss) for DeviceDataPrv__DEFAULT_RTOS_ALLOC
    io1.o(.text) refers to pe_ldd.o(.bss) for PE_LDD_DeviceDataList
    mqx1.o(.text) refers to time_ticks.o(.text) for _time_notify_kernel
    mqx1.o(.text) refers to systemtimer1.o(.text) for SystemTimer1_GetPeriodTicks
    mqx1.o(.text) refers to aeabi_sdiv.o(.text) for __aeabi_uidivmod
    mqx1.o(.text) refers to mqx1.o(.emb_text) for __get_heap_base
    mqx1.o(.text) refers to lwmem.o(.text) for _lwmem_set_default_pool
    mqx1.o(.text) refers to int.o(.text) for _int_install_isr
    mqx1.o(.text) refers to int_kisr.o(.text) for _int_install_kernel_isr
    mqx1.o(.text) refers to mqxlite.o(.data) for _mqx_kernel_data
    mqx1.o(.text) refers to mqx1.o(.data) for SystemTimerDeviceDataPtr
    mqx1.o(.constdata) refers to mqx1.o(.bss) for _mqx_kernel_data_struct
    mqx1.o(.constdata) refers to task_template_list.o(.constdata) for MQX_template_list
    mqx1.o(.data) refers to mqx1.o(.bss) for Task1_task_stack
    systemtimer1.o(.text) refers to mqx1.o(.text) for SystemTimer1_OnCounterRestart
    systemtimer1.o(.text) refers to int.o(.text) for _int_get_isr_data
    systemtimer1.o(.text) refers to systemtimer1.o(.bss) for DeviceDataPrv__DEFAULT_RTOS_ALLOC
    systemtimer1.o(.text) refers to pe_ldd.o(.bss) for PE_LDD_DeviceDataList
    vectors.o(.vectortable) refers to boot.o(. text) for __boot
    vectors.o(.vectortable) refers to cpu.o(.text) for Cpu_INT_NMIInterrupt
    vectors.o(.vectortable) refers to dispatch.o(KERNEL) for _int_kernel_isr
    idletask.o(.text) refers to mqxlite.o(.data) for _mqx_kernel_data
    int.o(.text) refers to task.o(.text) for _task_set_error_td_internal
    int.o(.text) refers to mqxlite.o(.data) for _mqx_kernel_data
    int.o(.text) refers to int_xcpt.o(.text) for _int_exception_isr
    int.o(.text) refers to int_unx.o(.text) for _int_unexpected_isr
    int.o(.text) refers to dispatch.o(KERNEL) for _int_kernel_isr
    int.o(.text) refers to mqx1.o(.bss) for mqx_static_isr_table
    int_gkis.o(.text) refers to task.o(.text) for _task_set_error
    int_inst.o(.text) refers to dispatch.o(KERNEL) for __set_MSP
    int_inst.o(.text) refers to mqxlite.o(.data) for _mqx_kernel_data
    int_kisr.o(.text) refers to task.o(.text) for _task_set_error
    int_unx.o(.text) refers to mqxlite.o(.data) for _mqx_kernel_data
    int_xcpt.o(.text) refers to mqx_utils.o(.text) for _mqx_fatal_error
    int_xcpt.o(.text) refers to int.o(.text) for _int_get_exception_handler
    int_xcpt.o(.text) refers to dispatch.o(KERNEL) for _psp_exception_return
    int_xcpt.o(.text) refers to task.o(.text) for _task_abort
    int_xcpt.o(.text) refers to mqxlite.o(.data) for _mqx_kernel_data
    lwmem.o(.text) refers to task.o(.text) for _task_set_error
    lwmem.o(.text) refers to int.o(.text) for _int_disable
    lwmem.o(.text) refers to mem_zero.o(.text) for _mem_zero
    lwmem.o(.text) refers to mqxlite.o(.data) for _mqx_kernel_data
    lwmem.o(.text) refers to qu_test.o(.text) for _queue_test
    lwsem.o(.text) refers to int.o(.text) for _int_disable
    lwsem.o(.text) refers to dispatch.o(KERNEL) for _sched_check_scheduler_internal
    lwsem.o(.text) refers to qu_test.o(.text) for _queue_test
    lwsem.o(.text) refers to mqxlite.o(.data) for _mqx_kernel_data
    lwsem.o(.text) refers to time_ticks.o(.text) for _time_delay_internal
    lwsem.o(.text) refers to psp_tiad.o(.text) for _psp_add_ticks
    main.o(.text) refers to cpu.o(.text) for PE_low_level_init
    main.o(.text) refers to mqxlite.o(.text) for _mqxlite
    mem_zero.o(.text) refers to mem_zero.o(i.__ARM_common_switch8) for __ARM_common_switch8
    mqx_tasks.o(.text) refers to lwsem.o(.text) for _lwsem_create
    mqx_tasks.o(.text) refers to seg_lcd.o(.text) for SegLCD_Init
    mqx_tasks.o(.text) refers to mqx_tasks.o(.constdata) for .constdata
    mqx_utils.o(.text) refers to mqxlite.o(.text) for _mqx_exit
[...]
    _printf_hex_int_ll_ptr.o(.text) refers to _printf_intcommon.o(.text) for _printf_int_common
    _printf_hex_int_ll_ptr.o(.text) refers to _printf_hex_int_ll_ptr.o(.constdata) for .constdata
    __printf_flags.o(.text) refers to _printf_percent.o(.ARM.Collect$$_printf_percent$$00000000) for _printf_percent
    __printf_flags.o(.text) refers to __printf_flags.o(.constdata) for .constdata
    __printf_ss.o(.text) refers to _printf_percent.o(.ARM.Collect$$_printf_percent$$00000000) for _printf_percent
    __printf_flags_ss.o(.text) refers to _printf_percent.o(.ARM.Collect$$_printf_percent$$00000000) for _printf_percent
    __printf_flags_ss.o(.text) refers to __printf_flags_ss.o(.constdata) for .constdata
    __printf_wp.o(.text) refers to __printf_wp.o(i._is_digit) for _is_digit
    __printf_wp.o(.text) refers to _printf_percent.o(.ARM.Collect$$_printf_percent$$00000000) for _printf_percent
    __printf_flags_wp.o(.text) refers to __printf_wp.o(i._is_digit) for _is_digit
    __printf_flags_wp.o(.text) refers to _printf_percent.o(.ARM.Collect$$_printf_percent$$00000000) for _printf_percent
    __printf_flags_wp.o(.text) refers to __printf_flags_wp.o(.constdata) for .constdata
    __printf_ss_wp.o(.text) refers to __printf_wp.o(i._is_digit) for _is_digit
    __printf_ss_wp.o(.text) refers to _printf_percent.o(.ARM.Collect$$_printf_percent$$00000000) for _printf_percent
    __printf_flags_ss_wp.o(.text) refers to __printf_wp.o(i._is_digit) for _is_digit
    __printf_flags_ss_wp.o(.text) refers to _printf_percent.o(.ARM.Collect$$_printf_percent$$00000000) for _printf_percent
    __printf_flags_ss_wp.o(.text) refers to __printf_flags_ss_wp.o(.constdata) for .constdata
    _printf_x.o(.ARM.Collect$$_printf_percent$$0000000C) refers (Weak) to _printf_hex_int.o(.text) for _printf_int_hex
    _printf_percent.o(.ARM.Collect$$_printf_percent$$00000000) refers (Special) to _printf_percent_end.o(.ARM.Collect$$_printf_percent$$00000017) for _printf_percent_end
    rt_memcpy.o(.text) refers to rt_memcpy.o(.emb_text) for __aeabi_memcpy4
    __main.o(!!!main) refers to __rtentry.o(.ARM.Collect$$rtentry$$00000000) for __rt_entry
    __rtentry.o(.ARM.Collect$$rtentry$$00000000) refers (Special) to __rtentry2.o(.ARM.Collect$$rtentry$$0000000A) for __rt_entry_li
    __rtentry.o(.ARM.Collect$$rtentry$$00000000) refers (Special) to __rtentry2.o(.ARM.Collect$$rtentry$$0000000D) for __rt_entry_main
    __rtentry.o(.ARM.Collect$$rtentry$$00000000) refers (Special) to __rtentry2.o(.ARM.Collect$$rtentry$$0000000C) for __rt_entry_postli_1
    __rtentry.o(.ARM.Collect$$rtentry$$00000000) refers (Special) to __rtentry2.o(.ARM.Collect$$rtentry$$00000009) for __rt_entry_postsh_1
    __rtentry.o(.ARM.Collect$$rtentry$$00000000) refers (Special) to __rtentry2.o(.ARM.Collect$$rtentry$$00000002) for __rt_entry_presh_1
    __rtentry.o(.ARM.Collect$$rtentry$$00000000) refers (Special) to __rtentry7.o(.ARM.Collect$$rtentry$$00000007) for __rt_entry_sh
    aeabi_idiv0_sigfpe.o(.text) refers to rt_div0.o(.text) for __rt_div0
    _printf_intcommon.o(.text) refers (Weak) to _printf_pad.o(.text) for _printf_pre_padding
    _printf_intcommon.o(.text) refers (Weak) to _printf_pad.o(.text) for _printf_pre_padding
    _printf_intcommon.o(.text) refers (Weak) to _printf_pad.o(.text) for _printf_post_padding
    _printf_char_file.o(.text) refers to _printf_char_common.o(.text) for _printf_char_common
    _printf_char_file.o(.text) refers to csio1.o(.text) for ferror
    __rtentry2.o(.ARM.Collect$$rtentry$$00000008) refers to boardinit2.o(.text) for _platform_post_stackheap_init
    __rtentry2.o(.ARM.Collect$$rtentry$$0000000A) refers to libinit.o(.ARM.Collect$$libinit$$00000000) for __rt_lib_init
    __rtentry2.o(.ARM.Collect$$rtentry$$0000000B) refers to boardinit3.o(.text) for _platform_post_lib_init
    __rtentry2.o(.ARM.Collect$$rtentry$$0000000D) refers to main.o(.text) for main
    __rtentry2.o(.ARM.Collect$$rtentry$$0000000D) refers to exit.o(.text) for exit
    __rtentry2.o(.ARM.exidx) refers to __rtentry2.o(.ARM.Collect$$rtentry$$00000001) for .ARM.Collect$$rtentry$$00000001
    __rtentry2.o(.ARM.exidx) refers to __rtentry2.o(.ARM.Collect$$rtentry$$00000008) for .ARM.Collect$$rtentry$$00000008
    __rtentry2.o(.ARM.exidx) refers to __rtentry2.o(.ARM.Collect$$rtentry$$0000000A) for .ARM.Collect$$rtentry$$0000000A
    __rtentry2.o(.ARM.exidx) refers to __rtentry2.o(.ARM.Collect$$rtentry$$0000000B) for .ARM.Collect$$rtentry$$0000000B
    __rtentry2.o(.ARM.exidx) refers to __rtentry2.o(.ARM.Collect$$rtentry$$0000000D) for .ARM.Collect$$rtentry$$0000000D
    __rtentry4.o(.ARM.Collect$$rtentry$$00000004) refers to sys_stackheap_outer.o(.text) for __user_setup_stackheap
    __rtentry4.o(.ARM.exidx) refers to __rtentry4.o(.ARM.Collect$$rtentry$$00000004) for .ARM.Collect$$rtentry$$00000004
    __rtentry7.o(.ARM.Collect$$rtentry$$00000007) refers to __rtentry7.o(.ARM.Collect$$rtentry$$00002718) for __lit__00000000
    __rtentry7.o(__vectab_stack_and_reset_2_area) refers to __main.o(!!!main) for __main
    __rtentry7.o(.ARM.exidx) refers to __rtentry7.o(.ARM.Collect$$rtentry$$00000007) for .ARM.Collect$$rtentry$$00000007
    __rtentry7.o(.ARM.exidx) refers to __rtentry7.o(.ARM.Collect$$rtentry$$00002718) for .ARM.Collect$$rtentry$$00002718
    rt_div0.o(.text) refers to defsig_fpe_outer.o(.text) for __rt_SIGFPE
    _printf_char_common.o(.text) refers to __printf_flags_ss_wp.o(.text) for __printf
    sys_stackheap_outer.o(.text) refers to libspace.o(.text) for __user_perproc_libspace
    sys_stackheap_outer.o(.text) refers to sys_stackheap.o(.text) for __user_initial_stackheap
    sys_stackheap_outer.o(__vectab_stack_and_reset_area) refers to tempstk.o(.text) for __temporary_stack_top
    sys_stackheap_outer.o(__vectab_stack_and_reset_area) refers to __main.o(!!!main) for __main
    exit.o(.text) refers to rtexit.o(.ARM.Collect$$rtexit$$00000000) for __rt_exit
    defsig_fpe_outer.o(.text) refers to defsig_fpe_inner.o(.text) for __rt_SIGFPE_inner
    defsig_fpe_outer.o(.text) refers to defsig_exit.o(.text) for __sig_exit
    defsig_fpe_formal.o(.text) refers to rt_raise.o(.text) for __rt_raise
    libinit.o(.ARM.Collect$$libinit$$00000000) refers (Special) to libinit2.o(.ARM.Collect$$libinit$$0000002E) for __rt_lib_init_alloca_1
    libinit.o(.ARM.Collect$$libinit$$00000000) refers (Special) to libinit2.o(.ARM.Collect$$libinit$$0000002C) for __rt_lib_init_argv_1
    libinit.o(.ARM.Collect$$libinit$$00000000) refers (Special) to libinit2.o(.ARM.Collect$$libinit$$0000001B) for __rt_lib_init_atexit_1
    libinit.o(.ARM.Collect$$libinit$$00000000) refers (Special) to libinit2.o(.ARM.Collect$$libinit$$00000021) for __rt_lib_init_clock_1
    libinit.o(.ARM.Collect$$libinit$$00000000) refers (Special) to libinit2.o(.ARM.Collect$$libinit$$00000032) for __rt_lib_init_cpp_1
    libinit.o(.ARM.Collect$$libinit$$00000000) refers (Special) to libinit2.o(.ARM.Collect$$libinit$$00000030) for __rt_lib_init_exceptions_1
    libinit.o(.ARM.Collect$$libinit$$00000000) refers (Special) to libinit2.o(.ARM.Collect$$libinit$$00000002) for __rt_lib_init_fp_1
    libinit.o(.ARM.Collect$$libinit$$00000000) refers (Special) to libinit2.o(.ARM.Collect$$libinit$$0000001F) for __rt_lib_init_fp_trap_1
    libinit.o(.ARM.Collect$$libinit$$00000000) refers (Special) to libinit2.o(.ARM.Collect$$libinit$$00000023) for __rt_lib_init_getenv_1
    libinit.o(.ARM.Collect$$libinit$$00000000) refers (Special) to libinit2.o(.ARM.Collect$$libinit$$0000000A) for __rt_lib_init_heap_1
    libinit.o(.ARM.Collect$$libinit$$00000000) refers (Special) to libinit2.o(.ARM.Collect$$libinit$$00000011) for __rt_lib_init_lc_collate_1
    libinit.o(.ARM.Collect$$libinit$$00000000) refers (Special) to libinit2.o(.ARM.Collect$$libinit$$00000013) for __rt_lib_init_lc_ctype_1
    libinit.o(.ARM.Collect$$libinit$$00000000) refers (Special) to libinit2.o(.ARM.Collect$$libinit$$00000015) for __rt_lib_init_lc_monetary_1
    libinit.o(.ARM.Collect$$libinit$$00000000) refers (Special) to libinit2.o(.ARM.Collect$$libinit$$00000017) for __rt_lib_init_lc_numeric_1
    libinit.o(.ARM.Collect$$libinit$$00000000) refers (Special) to libinit2.o(.ARM.Collect$$libinit$$00000019) for __rt_lib_init_lc_time_1
    libinit.o(.ARM.Collect$$libinit$$00000000) refers (Special) to libinit2.o(.ARM.Collect$$libinit$$00000004) for __rt_lib_init_preinit_1
    libinit.o(.ARM.Collect$$libinit$$00000000) refers (Special) to libinit2.o(.ARM.Collect$$libinit$$0000000E) for __rt_lib_init_rand_1
    libinit.o(.ARM.Collect$$libinit$$00000000) refers (Special) to libinit2.o(.ARM.Collect$$libinit$$00000033) for __rt_lib_init_return
    libinit.o(.ARM.Collect$$libinit$$00000000) refers (Special) to libinit2.o(.ARM.Collect$$libinit$$0000001D) for __rt_lib_init_signal_1
    libinit.o(.ARM.Collect$$libinit$$00000000) refers (Special) to libinit2.o(.ARM.Collect$$libinit$$00000025) for __rt_lib_init_stdio_1
    libinit.o(.ARM.Collect$$libinit$$00000000) refers (Special) to libinit2.o(.ARM.Collect$$libinit$$0000000C) for __rt_lib_init_user_alloc_1
    libspace.o(.text) refers to libspace.o(.bss) for __libspace_start
    sys_stackheap.o(.text) refers (Special) to indicate_semi.o(.text) for __semihosting_library_function
    sys_stackheap.o(.text) refers to use_no_semi.o(.text) for __I$use$semihosting
    rtexit.o(.ARM.Collect$$rtexit$$00000000) refers (Special) to rtexit2.o(.ARM.Collect$$rtexit$$00000004) for __rt_exit_exit
    rtexit.o(.ARM.Collect$$rtexit$$00000000) refers (Special) to rtexit2.o(.ARM.Collect$$rtexit$$00000003) for __rt_exit_ls
    rtexit.o(.ARM.Collect$$rtexit$$00000000) refers (Special) to rtexit2.o(.ARM.Collect$$rtexit$$00000002) for __rt_exit_prels_1
    rtexit.o(.ARM.exidx) refers (Special) to rtexit2.o(.ARM.Collect$$rtexit$$00000004) for __rt_exit_exit
    rtexit.o(.ARM.exidx) refers (Special) to rtexit2.o(.ARM.Collect$$rtexit$$00000003) for __rt_exit_ls
    rtexit.o(.ARM.exidx) refers (Special) to rtexit2.o(.ARM.Collect$$rtexit$$00000002) for __rt_exit_prels_1
    rtexit.o(.ARM.exidx) refers to rtexit.o(.ARM.Collect$$rtexit$$00000000) for .ARM.Collect$$rtexit$$00000000
    rt_raise.o(.text) refers to __raise.o(.text) for __raise
    rt_raise.o(.text) refers to sys_exit.o(.text) for _sys_exit
    defsig_exit.o(.text) refers to sys_exit.o(.text) for _sys_exit
    defsig_fpe_inner.o(.text) refers to defsig_general.o(.text) for __default_signal_display
    libinit2.o(.ARM.Collect$$libinit$$00000010) refers to libinit2.o(.ARM.Collect$$libinit$$0000000F) for .ARM.Collect$$libinit$$0000000F
    libinit2.o(.ARM.Collect$$libinit$$00000012) refers to libinit2.o(.ARM.Collect$$libinit$$0000000F) for .ARM.Collect$$libinit$$0000000F
    libinit2.o(.ARM.Collect$$libinit$$00000014) refers to libinit2.o(.ARM.Collect$$libinit$$0000000F) for .ARM.Collect$$libinit$$0000000F
    libinit2.o(.ARM.Collect$$libinit$$00000016) refers to libinit2.o(.ARM.Collect$$libinit$$0000000F) for .ARM.Collect$$libinit$$0000000F
    libinit2.o(.ARM.Collect$$libinit$$00000018) refers to libinit2.o(.ARM.Collect$$libinit$$0000000F) for .ARM.Collect$$libinit$$0000000F
    libinit2.o(.ARM.Collect$$libinit$$00000026) refers to argv_veneer.o(.text) for __ARM_argv_veneer
    libinit2.o(.ARM.Collect$$libinit$$00000027) refers to argv_veneer.o(.text) for __ARM_argv_veneer
    libinit5.o(.ARM.Collect$$libinit$$00000008) refers to libinit5.o(.ARM.Collect$$libinit$$00002719) for __lit__00000000
    libinit5.o(.ARM.Collect$$libinit$$0000002A) refers to libinit5.o(.ARM.Collect$$libinit$$0000273B) for __lit__00000002
    libinit5.o(.ARM.Collect$$libinit$$0000002A) refers to argv_veneer.o(.text) for __ARM_argv_veneer
    sys_exit.o(.text) refers (Special) to use_no_semi.o(.text) for __I$use$semihosting
    sys_exit.o(.text) refers (Special) to indicate_semi.o(.text) for __semihosting_library_function
    rtexit2.o(.ARM.Collect$$rtexit$$00000003) refers to libshutdown.o(.ARM.Collect$$libshutdown$$00000000) for __rt_lib_shutdown
    rtexit2.o(.ARM.Collect$$rtexit$$00000004) refers to sys_exit.o(.text) for _sys_exit
    rtexit2.o(.ARM.exidx) refers to rtexit2.o(.ARM.Collect$$rtexit$$00000001) for .ARM.Collect$$rtexit$$00000001
    rtexit2.o(.ARM.exidx) refers to rtexit2.o(.ARM.Collect$$rtexit$$00000003) for .ARM.Collect$$rtexit$$00000003
    rtexit2.o(.ARM.exidx) refers to rtexit2.o(.ARM.Collect$$rtexit$$00000004) for .ARM.Collect$$rtexit$$00000004
    __raise.o(.text) refers to defsig.o(CL$$defsig) for __default_signal_handler
    defsig_general.o(.text) refers to csio1.o(.text) for _ttywrch
    defsig.o(CL$$defsig) refers to defsig_fpe_inner.o(.text) for __rt_SIGFPE_inner
    defsig.o(CL$$defsig) refers to defsig_rtmem_inner.o(.text) for __rt_SIGRTMEM_inner
    _get_argv_nomalloc.o(.text) refers (Special) to hrguard.o(.text) for __heap_region$guard
    _get_argv_nomalloc.o(.text) refers to defsig_rtmem_outer.o(.text) for __rt_SIGRTMEM
    _get_argv_nomalloc.o(.text) refers to sys_command.o(.text) for _sys_command_string
    libshutdown.o(.ARM.Collect$$libshutdown$$00000000) refers (Special) to libshutdown2.o(.ARM.Collect$$libshutdown$$00000006) for __rt_lib_shutdown_fp_trap_1
    libshutdown.o(.ARM.Collect$$libshutdown$$00000000) refers (Special) to libshutdown2.o(.ARM.Collect$$libshutdown$$0000000E) for __rt_lib_shutdown_heap_1
    libshutdown.o(.ARM.Collect$$libshutdown$$00000000) refers (Special) to libshutdown2.o(.ARM.Collect$$libshutdown$$0000000F) for __rt_lib_shutdown_return
    libshutdown.o(.ARM.Collect$$libshutdown$$00000000) refers (Special) to libshutdown2.o(.ARM.Collect$$libshutdown$$00000009) for __rt_lib_shutdown_signal_1
    libshutdown.o(.ARM.Collect$$libshutdown$$00000000) refers (Special) to libshutdown2.o(.ARM.Collect$$libshutdown$$00000003) for __rt_lib_shutdown_stdio_1
    libshutdown.o(.ARM.Collect$$libshutdown$$00000000) refers (Special) to libshutdown2.o(.ARM.Collect$$libshutdown$$0000000B) for __rt_lib_shutdown_user_alloc_1
    sys_command.o(.text) refers (Special) to use_no_semi.o(.text) for __I$use$semihosting
    sys_command.o(.text) refers (Special) to indicate_semi.o(.text) for __semihosting_library_function
    defsig_abrt_inner.o(.text) refers to defsig_general.o(.text) for __default_signal_display
    defsig_rtred_inner.o(.text) refers to defsig_general.o(.text) for __default_signal_display
    defsig_rtmem_inner.o(.text) refers to defsig_general.o(.text) for __default_signal_display
    defsig_rtmem_outer.o(.text) refers to defsig_rtmem_inner.o(.text) for __rt_SIGRTMEM_inner
    defsig_rtmem_outer.o(.text) refers to defsig_exit.o(.text) for __sig_exit
    defsig_rtmem_formal.o(.text) refers to rt_raise.o(.text) for __rt_raise
    defsig_stak_inner.o(.text) refers to defsig_general.o(.text) for __default_signal_display
    defsig_pvfn_inner.o(.text) refers to defsig_general.o(.text) for __default_signal_display
    defsig_cppl_inner.o(.text) refers to defsig_general.o(.text) for __default_signal_display
    defsig_segv_inner.o(.text) refers to defsig_general.o(.text) for __default_signal_display
    defsig_other.o(.text) refers to defsig_general.o(.text) for __default_signal_display


==============================================================================

Removing Unused input sections from the image.

    Removing cpu.o(.emb_text), (28 bytes).
    Removing cpu.o(.data), (2 bytes).
    Removing csio1.o(.text), (128 bytes).
    Removing csio1.o(.data), (4 bytes).
    Removing pe_ldd.o(.text), (88 bytes).
    Removing pe_ldd.o(.constdata), (40 bytes).
    Removing cortex.o(.text), (184 bytes).
    Removing int_gkis.o(.text), (36 bytes).
    Removing psp_supp.o(.text), (44 bytes).
    Removing psp_tipr.o(.text), (64 bytes).
    Removing startup_arm_cc.o(.text), (2 bytes).
    Removing led.o(.text), (152 bytes).
    Removing led.o(.data), (4 bytes).

13 unused section(s) (total 776 bytes) removed from the image.

==============================================================================

Image Symbol Table

    Local Symbols

    Symbol Name                              Value     Ov Type        Size  Object(Section)

    .vectortable                             0x00000000   Section      192  vectors.o(.vectortable)
    ../clib/angel/boardlib.s                 0x00000000   Number         0  boardinit1.o ABSOLUTE
    ../clib/angel/boardlib.s                 0x00000000   Number         0  boardshut.o ABSOLUTE
    ../clib/angel/boardlib.s                 0x00000000   Number         0  boardinit2.o ABSOLUTE
    ../clib/angel/boardlib.s                 0x00000000   Number         0  boardinit3.o ABSOLUTE
    ../clib/angel/handlers.s                 0x00000000   Number         0  __scatter_copy.o ABSOLUTE
    ../clib/angel/handlers.s                 0x00000000   Number         0  __scatter_zi.o ABSOLUTE
    ../clib/angel/kernel.s                   0x00000000   Number         0  rtexit2.o ABSOLUTE
    ../clib/angel/kernel.s                   0x00000000   Number         0  rtexit.o ABSOLUTE
    ../clib/angel/kernel.s                   0x00000000   Number         0  __rtentry2.o ABSOLUTE
    ../clib/angel/kernel.s                   0x00000000   Number         0  __rtentry4.o ABSOLUTE
    ../clib/angel/kernel.s                   0x00000000   Number         0  __rtentry7.o ABSOLUTE
    ../clib/angel/kernel.s                   0x00000000   Number         0  __rtentry.o ABSOLUTE
    ../clib/angel/rt.s                       0x00000000   Number         0  rt_div0.o ABSOLUTE
    ../clib/angel/rt.s                       0x00000000   Number         0  aeabi_idiv0_sigfpe.o ABSOLUTE
    ../clib/angel/rt.s                       0x00000000   Number         0  aeabi_idiv0.o ABSOLUTE
    ../clib/angel/rt.s                       0x00000000   Number         0  rt_raise.o ABSOLUTE
    ../clib/angel/scatterp.s                 0x00000000   Number         0  __scatter.o ABSOLUTE
    ../clib/angel/startup.s                  0x00000000   Number         0  __main.o ABSOLUTE
    ../clib/angel/sys.s                      0x00000000   Number         0  libspace.o ABSOLUTE
    ../clib/angel/sys.s                      0x00000000   Number         0  indicate_semi.o ABSOLUTE
    ../clib/angel/sys.s                      0x00000000   Number         0  use_no_semi.o ABSOLUTE
    ../clib/angel/sys.s                      0x00000000   Number         0  sys_stackheap_outer.o ABSOLUTE
    ../clib/angel/sys.s                      0x00000000   Number         0  sys_stackheap.o ABSOLUTE
    ../clib/angel/sys.s                      0x00000000   Number         0  tempstk.o ABSOLUTE
    ../clib/angel/sysapp.c                   0x00000000   Number         0  sys_command.o ABSOLUTE
    ../clib/angel/sysapp.c                   0x00000000   Number         0  sys_exit.o ABSOLUTE
    ../clib/armsys.c                         0x00000000   Number         0  no_argv.o ABSOLUTE
    ../clib/armsys.c                         0x00000000   Number         0  _get_argv_nomalloc.o ABSOLUTE
    ../clib/armsys.c                         0x00000000   Number         0  argv_veneer.o ABSOLUTE
    ../clib/division.s                       0x00000000   Number         0  aeabi_sdiv_div0.o ABSOLUTE
    ../clib/division.s                       0x00000000   Number         0  aeabi_sdiv.o ABSOLUTE
    ../clib/heapalloc.c                      0x00000000   Number         0  hrguard.o ABSOLUTE
    ../clib/libinit.s                        0x00000000   Number         0  libshutdown.o ABSOLUTE
    ../clib/libinit.s                        0x00000000   Number         0  libshutdown2.o ABSOLUTE
    ../clib/libinit.s                        0x00000000   Number         0  libinit5.o ABSOLUTE
    ../clib/libinit.s                        0x00000000   Number         0  libinit2.o ABSOLUTE
    ../clib/libinit.s                        0x00000000   Number         0  libinit.o ABSOLUTE
    ../clib/memcpset.c                       0x00000000   Number         0  rt_memcpy.o ABSOLUTE
    ../clib/memcpset.c                       0x00000000   Number         0  rt_memcpy.o ABSOLUTE
    ../clib/misc.s                           0x00000000   Number         0  printf_stubs.o ABSOLUTE
    ../clib/printf.c                         0x00000000   Number         0  _printf_intcommon.o ABSOLUTE
    ../clib/printf.c                         0x00000000   Number         0  _printf_hex_ll.o ABSOLUTE
    ../clib/printf.c                         0x00000000   Number         0  _printf_hex_int.o ABSOLUTE
    ../clib/printf.c                         0x00000000   Number         0  _printf_char_common.o ABSOLUTE
    ../clib/printf.c                         0x00000000   Number         0  _printf_pad.o ABSOLUTE
    ../clib/printf.c                         0x00000000   Number         0  _printf_hex_int_ptr.o ABSOLUTE
    ../clib/printf.c                         0x00000000   Number         0  _printf_hex_ll_ptr.o ABSOLUTE
    ../clib/printf.c                         0x00000000   Number         0  __printf_flags_ss.o ABSOLUTE
    ../clib/printf.c                         0x00000000   Number         0  __printf_ss_wp.o ABSOLUTE
    ../clib/printf.c                         0x00000000   Number         0  _printf_hex_int_ll.o ABSOLUTE
    ../clib/printf.c                         0x00000000   Number         0  __printf_flags_ss_wp.o ABSOLUTE
    ../clib/printf.c                         0x00000000   Number         0  noretval__2printf.o ABSOLUTE
    ../clib/printf.c                         0x00000000   Number         0  __printf_ss.o ABSOLUTE
    ../clib/printf.c                         0x00000000   Number         0  __printf.o ABSOLUTE
    ../clib/printf.c                         0x00000000   Number         0  _printf_hex_ptr.o ABSOLUTE
    ../clib/printf.c                         0x00000000   Number         0  _printf_char_file.o ABSOLUTE
    ../clib/printf.c                         0x00000000   Number         0  __printf_flags.o ABSOLUTE
    ../clib/printf.c                         0x00000000   Number         0  _printf_hex_int_ll_ptr.o ABSOLUTE
    ../clib/printf.c                         0x00000000   Number         0  __2printf.o ABSOLUTE
    ../clib/printf.c                         0x00000000   Number         0  __printf_flags_wp.o ABSOLUTE
    ../clib/printf.c                         0x00000000   Number         0  __printf_nopercent.o ABSOLUTE
    ../clib/printf.c                         0x00000000   Number         0  __printf_wp.o ABSOLUTE
    ../clib/printf_percent.s                 0x00000000   Number         0  _printf_x.o ABSOLUTE
    ../clib/printf_percent.s                 0x00000000   Number         0  _printf_percent.o ABSOLUTE
    ../clib/printf_percent.s                 0x00000000   Number         0  _printf_percent_end.o ABSOLUTE
    ../clib/signal.c                         0x00000000   Number         0  defsig_pvfn_inner.o ABSOLUTE
    ../clib/signal.c                         0x00000000   Number         0  defsig_cppl_inner.o ABSOLUTE
    ../clib/signal.c                         0x00000000   Number         0  defsig_segv_inner.o ABSOLUTE
    ../clib/signal.c                         0x00000000   Number         0  defsig_other.o ABSOLUTE
    ../clib/signal.c                         0x00000000   Number         0  defsig_general.o ABSOLUTE
    ../clib/signal.c                         0x00000000   Number         0  defsig_fpe_inner.o ABSOLUTE
    ../clib/signal.c                         0x00000000   Number         0  defsig_exit.o ABSOLUTE
    ../clib/signal.c                         0x00000000   Number         0  defsig_fpe_formal.o ABSOLUTE
    ../clib/signal.c                         0x00000000   Number         0  __raise.o ABSOLUTE
    ../clib/signal.c                         0x00000000   Number         0  defsig_fpe_outer.o ABSOLUTE
    ../clib/signal.c                         0x00000000   Number         0  defsig_abrt_inner.o ABSOLUTE
    ../clib/signal.c                         0x00000000   Number         0  defsig_rtred_inner.o ABSOLUTE
    ../clib/signal.c                         0x00000000   Number         0  defsig_rtmem_inner.o ABSOLUTE
    ../clib/signal.c                         0x00000000   Number         0  defsig_rtmem_outer.o ABSOLUTE
    ../clib/signal.c                         0x00000000   Number         0  defsig_rtmem_formal.o ABSOLUTE
    ../clib/signal.c                         0x00000000   Number         0  defsig_stak_inner.o ABSOLUTE
    ../clib/signal.s                         0x00000000   Number         0  defsig.o ABSOLUTE
    ../clib/stdlib.c                         0x00000000   Number         0  exit.o ABSOLUTE
    ../clib/string.c                         0x00000000   Number         0  strncmp.o ABSOLUTE
    ../fplib/cfplib/fpinit.c                 0x00000000   Number         0  fpinit.o ABSOLUTE
    Generated_Code\Cpu.c                     0x00000000   Number         0  cpu.o ABSOLUTE
    Generated_Code\CsIO1.c                   0x00000000   Number         0  csio1.o ABSOLUTE
    Generated_Code\GPIO1.c                   0x00000000   Number         0  gpio1.o ABSOLUTE
    Generated_Code\IO1.c                     0x00000000   Number         0  io1.o ABSOLUTE
    Generated_Code\LED.c                     0x00000000   Number         0  led.o ABSOLUTE
    Generated_Code\MQX1.c                    0x00000000   Number         0  mqx1.o ABSOLUTE
    Generated_Code\PE_LDD.c                  0x00000000   Number         0  pe_ldd.o ABSOLUTE
    Generated_Code\SystemTimer1.c            0x00000000   Number         0  systemtimer1.o ABSOLUTE
    Generated_Code\Vectors.c                 0x00000000   Number         0  vectors.o ABSOLUTE
    Generated_Code\\Cpu.c                    0x00000000   Number         0  cpu.o ABSOLUTE
    Generated_Code\\MQX1.c                   0x00000000   Number         0  mqx1.o ABSOLUTE
    MQXLITE\\psp\\cortex_m\\core\\M0\\boot.S 0x00000000   Number         0  boot.o ABSOLUTE
    MQXLITE\\psp\\cortex_m\\core\\M0\\dispatch.S 0x00000000   Number         0  dispatch.o ABSOLUTE
    MQXLITE\config\task_template_list.c      0x00000000   Number         0  task_template_list.o ABSOLUTE
    MQXLITE\kernel\idletask.c                0x00000000   Number         0  idletask.o ABSOLUTE
    MQXLITE\kernel\int.c                     0x00000000   Number         0  int.o ABSOLUTE
    MQXLITE\kernel\klog.c                    0x00000000   Number         0  klog.o ABSOLUTE
    MQXLITE\kernel\lwevent.c                 0x00000000   Number         0  lwevent.o ABSOLUTE
    MQXLITE\kernel\lwlog.c                   0x00000000   Number         0  lwlog.o ABSOLUTE
    MQXLITE\kernel\lwmem.c                   0x00000000   Number         0  lwmem.o ABSOLUTE
    MQXLITE\kernel\lwmsgq.c                  0x00000000   Number         0  lwmsgq.o ABSOLUTE
    MQXLITE\kernel\lwsem.c                   0x00000000   Number         0  lwsem.o ABSOLUTE
    MQXLITE\kernel\lwtimer.c                 0x00000000   Number         0  lwtimer.o ABSOLUTE
    MQXLITE\kernel\mqx_utils.c               0x00000000   Number         0  mqx_utils.o ABSOLUTE
    MQXLITE\kernel\mqxlite.c                 0x00000000   Number         0  mqxlite.o ABSOLUTE
    MQXLITE\kernel\mutex.c                   0x00000000   Number         0  mutex.o ABSOLUTE
    MQXLITE\kernel\qu_test.c                 0x00000000   Number         0  qu_test.o ABSOLUTE
    MQXLITE\kernel\sched.c                   0x00000000   Number         0  sched.o ABSOLUTE
    MQXLITE\kernel\task.c                    0x00000000   Number         0  task.o ABSOLUTE
    MQXLITE\kernel\time_ticks.c              0x00000000   Number         0  time_ticks.o ABSOLUTE
    MQXLITE\psp\cortex_m\cortex.c            0x00000000   Number         0  cortex.o ABSOLUTE
    MQXLITE\psp\cortex_m\int_gkis.c          0x00000000   Number         0  int_gkis.o ABSOLUTE
    MQXLITE\psp\cortex_m\int_inst.c          0x00000000   Number         0  int_inst.o ABSOLUTE
    MQXLITE\psp\cortex_m\int_kisr.c          0x00000000   Number         0  int_kisr.o ABSOLUTE
    MQXLITE\psp\cortex_m\int_pvta.c          0x00000000   Number         0  int_pvta.o ABSOLUTE
    MQXLITE\psp\cortex_m\int_unx.c           0x00000000   Number         0  int_unx.o ABSOLUTE
    MQXLITE\psp\cortex_m\int_vtab.c          0x00000000   Number         0  int_vtab.o ABSOLUTE
    MQXLITE\psp\cortex_m\int_xcpt.c          0x00000000   Number         0  int_xcpt.o ABSOLUTE
    MQXLITE\psp\cortex_m\mem_zero.c          0x00000000   Number         0  mem_zero.o ABSOLUTE
    MQXLITE\psp\cortex_m\psp_iinit.c         0x00000000   Number         0  psp_iinit.o ABSOLUTE
    MQXLITE\psp\cortex_m\psp_supp.c          0x00000000   Number         0  psp_supp.o ABSOLUTE
    MQXLITE\psp\cortex_m\psp_tiad.c          0x00000000   Number         0  psp_tiad.o ABSOLUTE
    MQXLITE\psp\cortex_m\psp_tinm.c          0x00000000   Number         0  psp_tinm.o ABSOLUTE
    MQXLITE\psp\cortex_m\psp_tipr.c          0x00000000   Number         0  psp_tipr.o ABSOLUTE
    MQXLITE\psp\cortex_m\psp_tisu.c          0x00000000   Number         0  psp_tisu.o ABSOLUTE
    MQXLITE\psp\cortex_m\sc_irdyq.c          0x00000000   Number         0  sc_irdyq.o ABSOLUTE
    MQXLITE\psp\cortex_m\stack_bu.c          0x00000000   Number         0  stack_bu.o ABSOLUTE
    MQXLITE\psp\cortex_m\stack_de.c          0x00000000   Number         0  stack_de.o ABSOLUTE
    MQXLITE\psp\cortex_m\stack_st.c          0x00000000   Number         0  stack_st.o ABSOLUTE
    Project_Settings\Startup_Code\startup_ARM_CC.c 0x00000000   Number         0  startup_arm_cc.o ABSOLUTE
    Project_Settings\\Startup_Code\\startup_ARM_CC.c 0x00000000   Number         0  startup_arm_cc.o ABSOLUTE
    Sources\Events.c                         0x00000000   Number         0  events.o ABSOLUTE
    Sources\Seg_LCD.c                        0x00000000   Number         0  seg_lcd.o ABSOLUTE
    Sources\main.c                           0x00000000   Number         0  main.o ABSOLUTE
    Sources\mqx_tasks.c                      0x00000000   Number         0  mqx_tasks.o ABSOLUTE
    __tagsym$$used                           0x00000000   Number         0  vectors.o(.vectortable)
    dc.s                                     0x00000000   Number         0  dc.o ABSOLUTE
    .cfmconfig                               0x00000400   Section       16  cpu.o(.cfmconfig)
    __tagsym$$used                           0x00000400   Number         0  cpu.o(.cfmconfig)
    !!!main                                  0x00000410   Section        8  __main.o(!!!main)
    !!!scatter                               0x00000418   Section       60  __scatter.o(!!!scatter)
    !!handler_copy                           0x00000454   Section       26  __scatter_copy.o(!!handler_copy)
    !!handler_zi                             0x00000470   Section       28  __scatter_zi.o(!!handler_zi)
    . text                                   0x0000048c   Section       52  boot.o(. text)
    .ARM.Collect$$libinit$$00000000          0x000004c0   Section        2  libinit.o(.ARM.Collect$$libinit$$00000000)
    .ARM.Collect$$libinit$$00000002          0x000004c2   Section        0  libinit2.o(.ARM.Collect$$libinit$$00000002)
    .ARM.Collect$$libinit$$00000004          0x000004c2   Section        0  libinit2.o(.ARM.Collect$$libinit$$00000004)
    .ARM.Collect$$libinit$$0000000A          0x000004c2   Section        0  libinit2.o(.ARM.Collect$$libinit$$0000000A)
    .ARM.Collect$$libinit$$0000000C          0x000004c2   Section        0  libinit2.o(.ARM.Collect$$libinit$$0000000C)
    .ARM.Collect$$libinit$$0000000E          0x000004c2   Section        0  libinit2.o(.ARM.Collect$$libinit$$0000000E)
    .ARM.Collect$$libinit$$00000011          0x000004c2   Section        0  libinit2.o(.ARM.Collect$$libinit$$00000011)
    .ARM.Collect$$libinit$$00000013          0x000004c2   Section        0  libinit2.o(.ARM.Collect$$libinit$$00000013)
    .ARM.Collect$$libinit$$00000015          0x000004c2   Section        0  libinit2.o(.ARM.Collect$$libinit$$00000015)
    .ARM.Collect$$libinit$$00000017          0x000004c2   Section        0  libinit2.o(.ARM.Collect$$libinit$$00000017)
    .ARM.Collect$$libinit$$00000019          0x000004c2   Section        0  libinit2.o(.ARM.Collect$$libinit$$00000019)
    .ARM.Collect$$libinit$$0000001B          0x000004c2   Section        0  libinit2.o(.ARM.Collect$$libinit$$0000001B)
    .ARM.Collect$$libinit$$0000001D          0x000004c2   Section        0  libinit2.o(.ARM.Collect$$libinit$$0000001D)
    .ARM.Collect$$libinit$$0000001F          0x000004c2   Section        0  libinit2.o(.ARM.Collect$$libinit$$0000001F)
    .ARM.Collect$$libinit$$00000021          0x000004c2   Section        0  libinit2.o(.ARM.Collect$$libinit$$00000021)
    .ARM.Collect$$libinit$$00000023          0x000004c2   Section        0  libinit2.o(.ARM.Collect$$libinit$$00000023)
    .ARM.Collect$$libinit$$00000025          0x000004c2   Section        0  libinit2.o(.ARM.Collect$$libinit$$00000025)
    .ARM.Collect$$libinit$$0000002C          0x000004c2   Section        0  libinit2.o(.ARM.Collect$$libinit$$0000002C)
    .ARM.Collect$$libinit$$0000002E          0x000004c2   Section        0  libinit2.o(.ARM.Collect$$libinit$$0000002E)
    .ARM.Collect$$libinit$$00000030          0x000004c2   Section        0  libinit2.o(.ARM.Collect$$libinit$$00000030)
    .ARM.Collect$$libinit$$00000032          0x000004c2   Section        0  libinit2.o(.ARM.Collect$$libinit$$00000032)
    .ARM.Collect$$libinit$$00000033          0x000004c2   Section        2  libinit2.o(.ARM.Collect$$libinit$$00000033)
    .ARM.Collect$$libshutdown$$00000000      0x000004c4   Section        2  libshutdown.o(.ARM.Collect$$libshutdown$$00000000)
    .ARM.Collect$$libshutdown$$00000003      0x000004c6   Section        0  libshutdown2.o(.ARM.Collect$$libshutdown$$00000003)
    .ARM.Collect$$libshutdown$$00000006      0x000004c6   Section        0  libshutdown2.o(.ARM.Collect$$libshutdown$$00000006)
    .ARM.Collect$$libshutdown$$00000009      0x000004c6   Section        0  libshutdown2.o(.ARM.Collect$$libshutdown$$00000009)
    .ARM.Collect$$libshutdown$$0000000B      0x000004c6   Section        0  libshutdown2.o(.ARM.Collect$$libshutdown$$0000000B)
    .ARM.Collect$$libshutdown$$0000000E      0x000004c6   Section        0  libshutdown2.o(.ARM.Collect$$libshutdown$$0000000E)
    .ARM.Collect$$libshutdown$$0000000F      0x000004c6   Section        2  libshutdown2.o(.ARM.Collect$$libshutdown$$0000000F)
    .ARM.Collect$$rtentry$$00000000          0x000004c8   Section        0  __rtentry.o(.ARM.Collect$$rtentry$$00000000)
    .ARM.Collect$$rtentry$$00000002          0x000004c8   Section        0  __rtentry2.o(.ARM.Collect$$rtentry$$00000002)
    .ARM.Collect$$rtentry$$00000007          0x000004c8   Section        4  __rtentry7.o(.ARM.Collect$$rtentry$$00000007)
    .ARM.Collect$$rtentry$$00000009          0x000004cc   Section        0  __rtentry2.o(.ARM.Collect$$rtentry$$00000009)
    .ARM.Collect$$rtentry$$0000000A          0x000004cc   Section        4  __rtentry2.o(.ARM.Collect$$rtentry$$0000000A)
    .ARM.Collect$$rtentry$$0000000C          0x000004d0   Section        0  __rtentry2.o(.ARM.Collect$$rtentry$$0000000C)
    .ARM.Collect$$rtentry$$0000000D          0x000004d0   Section        8  __rtentry2.o(.ARM.Collect$$rtentry$$0000000D)
    .ARM.Collect$$rtentry$$00002718          0x000004d8   Section        4  __rtentry7.o(.ARM.Collect$$rtentry$$00002718)
    __lit__00000000                          0x000004d8   Data           4  __rtentry7.o(.ARM.Collect$$rtentry$$00002718)
    .ARM.Collect$$rtexit$$00000000           0x000004dc   Section        2  rtexit.o(.ARM.Collect$$rtexit$$00000000)
    .ARM.Collect$$rtexit$$00000002           0x000004de   Section        0  rtexit2.o(.ARM.Collect$$rtexit$$00000002)
    .ARM.Collect$$rtexit$$00000003           0x000004de   Section        4  rtexit2.o(.ARM.Collect$$rtexit$$00000003)
    .ARM.Collect$$rtexit$$00000004           0x000004e2   Section        6  rtexit2.o(.ARM.Collect$$rtexit$$00000004)
    .emb_text                                0x000004e8   Section       16  mqx1.o(.emb_text)
    .emb_text                                0x000004f8   Section       16  startup_arm_cc.o(.emb_text)
    .emb_text                                0x00000508   Section       56  rt_memcpy.o(.emb_text)
    .text                                    0x00000540   Section        0  cpu.o(.text)
    .text                                    0x00000740   Section        0  events.o(.text)
    .text                                    0x00000750   Section        0  gpio1.o(.text)
    .text                                    0x000008a4   Section        0  io1.o(.text)
    InterruptRx                              0x00000971   Thumb Code    40  io1.o(.text)
    InterruptTx                              0x00000999   Thumb Code    50  io1.o(.text)
    .text                                    0x00000a30   Section        0  mqx1.o(.text)
    .text                                    0x00000b00   Section        0  systemtimer1.o(.text)
    .text                                    0x00000c28   Section        0  idletask.o(.text)
    .text                                    0x00000c38   Section        0  int.o(.text)
    .text                                    0x00000f18   Section        0  int_inst.o(.text)
    .text                                    0x00000f2c   Section        0  int_kisr.o(.text)
    .text                                    0x00000f3c   Section        0  int_unx.o(.text)
    .text                                    0x00000f98   Section        0  int_vtab.o(.text)
    .text                                    0x00000fc0   Section        0  int_xcpt.o(.text)
    .text                                    0x00001054   Section        0  lwmem.o(.text)
    .text                                    0x00001a14   Section        0  lwsem.o(.text)
    .text                                    0x00002044   Section        0  main.o(.text)
    .text                                    0x00002050   Section        0  mem_zero.o(.text)
    .text                                    0x00002150   Section        0  mqx_tasks.o(.text)
    .text                                    0x00002214   Section        0  mqx_utils.o(.text)
    .text                                    0x00002364   Section        0  mqxlite.o(.text)
    .text                                    0x000024c4   Section        0  psp_iinit.o(.text)
    .text                                    0x000024e0   Section        0  psp_tiad.o(.text)
    .text                                    0x00002534   Section        0  psp_tinm.o(.text)
    .text                                    0x00002574   Section        0  psp_tisu.o(.text)
    .text                                    0x00002638   Section        0  qu_test.o(.text)
    .text                                    0x000026a0   Section        0  sc_irdyq.o(.text)
    .text                                    0x00002760   Section        0  sched.o(.text)
    .text                                    0x00002928   Section        0  stack_bu.o(.text)
    .text                                    0x00002984   Section        0  stack_de.o(.text)
    .text                                    0x00002986   Section        0  stack_st.o(.text)
    .text                                    0x00002990   Section        0  task.o(.text)
    _task_restart_func                       0x000033a3   Thumb Code   498  task.o(.text)
    .text                                    0x0000366c   Section        0  time_ticks.o(.text)
    .text                                    0x00003ca0   Section        0  seg_lcd.o(.text)
    .text                                    0x00004118   Section        0  strncmp.o(.text)
    .text                                    0x000041b8   Section      346  aeabi_sdiv.o(.text)
    .text                                    0x00004312   Section        0  exit.o(.text)
    .text                                    0x00004320   Section        0  sys_exit.o(.text)
    .text                                    0x0000432c   Section        2  use_no_semi.o(.text)
    .text                                    0x0000432e   Section        0  indicate_semi.o(.text)
    KERNEL                                   0x00004330   Section      632  dispatch.o(KERNEL)
    _int_kernel_isr_epilog                   0x000044b3   Thumb Code     0  dispatch.o(KERNEL)
    i.__ARM_common_switch8                   0x000045a8   Section        0  mem_zero.o(i.__ARM_common_switch8)
    .constdata                               0x000045c4   Section       36  mqx1.o(.constdata)
    .constdata                               0x000045e8   Section       28  mqx_tasks.o(.constdata)
    LCD_Frontplane_Pin                       0x000045e8   Data           8  mqx_tasks.o(.constdata)
    LCD_Backplane_Pin                        0x000045f0   Data           4  mqx_tasks.o(.constdata)
    .constdata                               0x00004604   Section       52  mqxlite.o(.constdata)
    .constdata                               0x00004638   Section       56  task_template_list.o(.constdata)
    .constdata                               0x00004670   Section       12  seg_lcd.o(.constdata)
    LCD_Frontplane_Pin                       0x00004670   Data           8  seg_lcd.o(.constdata)
    LCD_Backplane_Pin                        0x00004678   Data           4  seg_lcd.o(.constdata)
    .conststring                             0x0000467c   Section      224  mqxlite.o(.conststring)
    .conststring                             0x0000475c   Section        6  task_template_list.o(.conststring)
    .data                                    0x1fffe000   Section       12  mqx1.o(.data)
    SystemTimerDeviceDataPtr                 0x1fffe008   Data           4  mqx1.o(.data)
    .data                                    0x1fffe00c   Section        8  mqxlite.o(.data)
    .data                                    0x1fffe014   Section        4  task.o(.data)
    .bss                                     0x1fffe018   Section       16  gpio1.o(.bss)
    DeviceDataPrv__DEFAULT_RTOS_ALLOC        0x1fffe018   Data          16  gpio1.o(.bss)
    .bss                                     0x1fffe028   Section       24  io1.o(.bss)
    DeviceDataPrv__DEFAULT_RTOS_ALLOC        0x1fffe028   Data          24  io1.o(.bss)
    .bss                                     0x1fffe040   Section     2320  mqx1.o(.bss)
    .bss                                     0x1fffe950   Section       16  pe_ldd.o(.bss)
    .bss                                     0x1fffe960   Section       12  systemtimer1.o(.bss)
    DeviceDataPrv__DEFAULT_RTOS_ALLOC        0x1fffe960   Data          12  systemtimer1.o(.bss)

    Global Symbols

    Symbol Name                              Value     Ov Type        Size  Object(Section)

    BuildAttributes$$THM_ISAv3M$S$PE$A:L22$X:L11$S22$IEEE1$IW$USESV6$~STKCKD$USESV7$~SHL$OSPACE$ROPI$EBA8$UX$STANDARDLIB$REQ8$PRES8$EABIv2 0x00000000   Number         0  anon$$obj.o ABSOLUTE
    __ARM_use_no_argv                        0x00000000   Number         0  main.o ABSOLUTE
    __vect_table                             0x00000000   Data         192  vectors.o(.vectortable)
    _printf_flags                            0x00000000   Number         0  printf_stubs.o ABSOLUTE
    _printf_return_value                     0x00000000   Number         0  printf_stubs.o ABSOLUTE
    _printf_sizespec                         0x00000000   Number         0  printf_stubs.o ABSOLUTE
    _printf_widthprec                        0x00000000   Number         0  printf_stubs.o ABSOLUTE
    Image$$ZI$$Limit                          - Undefined Weak Reference
    __ARM_exceptions_init                     - Undefined Weak Reference
    __alloca_initialize                       - Undefined Weak Reference
    __arm_preinit_                            - Undefined Weak Reference
    __cpp_initialize__aeabi_                  - Undefined Weak Reference
    __cxa_finalize                            - Undefined Weak Reference
    __rt_locale                               - Undefined Weak Reference
    __sigvec_lookup                           - Undefined Weak Reference
    _atexit_init                              - Undefined Weak Reference
    _call_atexit_fns                          - Undefined Weak Reference
    _clock_init                               - Undefined Weak Reference
    _fp_trap_init                             - Undefined Weak Reference
    _fp_trap_shutdown                         - Undefined Weak Reference
    _get_lc_collate                           - Undefined Weak Reference
    _get_lc_ctype                             - Undefined Weak Reference
    _get_lc_monetary                          - Undefined Weak Reference
    _get_lc_numeric                           - Undefined Weak Reference
    _get_lc_time                              - Undefined Weak Reference
    _getenv_init                              - Undefined Weak Reference
    _handle_redirection                       - Undefined Weak Reference
    _init_alloc                               - Undefined Weak Reference
    _init_user_alloc                          - Undefined Weak Reference
    _initio                                   - Undefined Weak Reference
    _printf_truncate_unsigned                 - Undefined Weak Reference
    _rand_init                                - Undefined Weak Reference
    _signal_finish                            - Undefined Weak Reference
    _signal_init                              - Undefined Weak Reference
    _terminate_alloc                          - Undefined Weak Reference
    _terminate_user_alloc                     - Undefined Weak Reference
    _terminateio                              - Undefined Weak Reference
    _cfm                                     0x00000400   Data          16  cpu.o(.cfmconfig)
    __main                                   0x00000411   Thumb Code     8  __main.o(!!!main)
    __scatterload                            0x00000419   Thumb Code     0  __scatter.o(!!!scatter)
    __scatterload_rt2                        0x00000419   Thumb Code    52  __scatter.o(!!!scatter)
    __scatterload_rt2_thumb_only             0x00000419   Thumb Code     0  __scatter.o(!!!scatter)
    __scatterload_null                       0x00000429   Thumb Code     0  __scatter.o(!!!scatter)
    __scatterload_copy                       0x00000455   Thumb Code    26  __scatter_copy.o(!!handler_copy)
    __scatterload_zeroinit                   0x00000471   Thumb Code    28  __scatter_zi.o(!!handler_zi)
    __boot                                   0x0000048d   Thumb Code     0  boot.o(. text)
    __rt_lib_init                            0x000004c1   Thumb Code     0  libinit.o(.ARM.Collect$$libinit$$00000000)
    __rt_lib_init_alloca_1                   0x000004c3   Thumb Code     0  libinit2.o(.ARM.Collect$$libinit$$0000002E)
    __rt_lib_init_argv_1                     0x000004c3   Thumb Code     0  libinit2.o(.ARM.Collect$$libinit$$0000002C)
    __rt_lib_init_atexit_1                   0x000004c3   Thumb Code     0  libinit2.o(.ARM.Collect$$libinit$$0000001B)
    __rt_lib_init_clock_1                    0x000004c3   Thumb Code     0  libinit2.o(.ARM.Collect$$libinit$$00000021)
    __rt_lib_init_cpp_1                      0x000004c3   Thumb Code     0  libinit2.o(.ARM.Collect$$libinit$$00000032)
    __rt_lib_init_exceptions_1               0x000004c3   Thumb Code     0  libinit2.o(.ARM.Collect$$libinit$$00000030)
    __rt_lib_init_fp_1                       0x000004c3   Thumb Code     0  libinit2.o(.ARM.Collect$$libinit$$00000002)
    __rt_lib_init_fp_trap_1                  0x000004c3   Thumb Code     0  libinit2.o(.ARM.Collect$$libinit$$0000001F)
    __rt_lib_init_getenv_1                   0x000004c3   Thumb Code     0  libinit2.o(.ARM.Collect$$libinit$$00000023)
    __rt_lib_init_heap_1                     0x000004c3   Thumb Code     0  libinit2.o(.ARM.Collect$$libinit$$0000000A)
    __rt_lib_init_lc_collate_1               0x000004c3   Thumb Code     0  libinit2.o(.ARM.Collect$$libinit$$00000011)
    __rt_lib_init_lc_ctype_1                 0x000004c3   Thumb Code     0  libinit2.o(.ARM.Collect$$libinit$$00000013)
    __rt_lib_init_lc_monetary_1              0x000004c3   Thumb Code     0  libinit2.o(.ARM.Collect$$libinit$$00000015)
    __rt_lib_init_lc_numeric_1               0x000004c3   Thumb Code     0  libinit2.o(.ARM.Collect$$libinit$$00000017)
    __rt_lib_init_lc_time_1                  0x000004c3   Thumb Code     0  libinit2.o(.ARM.Collect$$libinit$$00000019)
    __rt_lib_init_preinit_1                  0x000004c3   Thumb Code     0  libinit2.o(.ARM.Collect$$libinit$$00000004)
    __rt_lib_init_rand_1                     0x000004c3   Thumb Code     0  libinit2.o(.ARM.Collect$$libinit$$0000000E)
    __rt_lib_init_return                     0x000004c3   Thumb Code     0  libinit2.o(.ARM.Collect$$libinit$$00000033)
    __rt_lib_init_signal_1                   0x000004c3   Thumb Code     0  libinit2.o(.ARM.Collect$$libinit$$0000001D)
    __rt_lib_init_stdio_1                    0x000004c3   Thumb Code     0  libinit2.o(.ARM.Collect$$libinit$$00000025)
    __rt_lib_init_user_alloc_1               0x000004c3   Thumb Code     0  libinit2.o(.ARM.Collect$$libinit$$0000000C)
    __rt_lib_shutdown                        0x000004c5   Thumb Code     0  libshutdown.o(.ARM.Collect$$libshutdown$$00000000)
    __rt_lib_shutdown_fp_trap_1              0x000004c7   Thumb Code     0  libshutdown2.o(.ARM.Collect$$libshutdown$$00000006)
    __rt_lib_shutdown_heap_1                 0x000004c7   Thumb Code     0  libshutdown2.o(.ARM.Collect$$libshutdown$$0000000E)
    __rt_lib_shutdown_return                 0x000004c7   Thumb Code     0  libshutdown2.o(.ARM.Collect$$libshutdown$$0000000F)
    __rt_lib_shutdown_signal_1               0x000004c7   Thumb Code     0  libshutdown2.o(.ARM.Collect$$libshutdown$$00000009)
    __rt_lib_shutdown_stdio_1                0x000004c7   Thumb Code     0  libshutdown2.o(.ARM.Collect$$libshutdown$$00000003)
    __rt_lib_shutdown_user_alloc_1           0x000004c7   Thumb Code     0  libshutdown2.o(.ARM.Collect$$libshutdown$$0000000B)
    __rt_entry                               0x000004c9   Thumb Code     0  __rtentry.o(.ARM.Collect$$rtentry$$00000000)
    __rt_entry_presh_1                       0x000004c9   Thumb Code     0  __rtentry2.o(.ARM.Collect$$rtentry$$00000002)
    __rt_entry_sh                            0x000004c9   Thumb Code     0  __rtentry7.o(.ARM.Collect$$rtentry$$00000007)
    __rt_entry_li                            0x000004cd   Thumb Code     0  __rtentry2.o(.ARM.Collect$$rtentry$$0000000A)
    __rt_entry_postsh_1                      0x000004cd   Thumb Code     0  __rtentry2.o(.ARM.Collect$$rtentry$$00000009)
    __rt_entry_main                          0x000004d1   Thumb Code     0  __rtentry2.o(.ARM.Collect$$rtentry$$0000000D)
    __rt_entry_postli_1                      0x000004d1   Thumb Code     0  __rtentry2.o(.ARM.Collect$$rtentry$$0000000C)
    __rt_exit                                0x000004dd   Thumb Code     0  rtexit.o(.ARM.Collect$$rtexit$$00000000)
    __rt_exit_ls                             0x000004df   Thumb Code     0  rtexit2.o(.ARM.Collect$$rtexit$$00000003)
    __rt_exit_prels_1                        0x000004df   Thumb Code     0  rtexit2.o(.ARM.Collect$$rtexit$$00000002)
    __rt_exit_exit                           0x000004e3   Thumb Code     0  rtexit2.o(.ARM.Collect$$rtexit$$00000004)
    __get_heap_base                          0x000004e9   Thumb Code     4  mqx1.o(.emb_text)
    __get_heap_limit                         0x000004f1   Thumb Code     4  mqx1.o(.emb_text)
    __thumb_startup                          0x000004f9   Thumb Code     8  startup_arm_cc.o(.emb_text)
    __aeabi_memcpy4                          0x00000509   Thumb Code    56  rt_memcpy.o(.emb_text)
    __aeabi_memcpy8                          0x00000509   Thumb Code     0  rt_memcpy.o(.emb_text)
    Cpu_INT_NMIInterrupt                     0x00000541   Thumb Code     8  cpu.o(.text)
    Cpu_Interrupt                            0x00000549   Thumb Code     2  cpu.o(.text)
    __init_hardware                          0x0000054b   Thumb Code   266  cpu.o(.text)
    PE_low_level_init                        0x00000655   Thumb Code   174  cpu.o(.text)
    Cpu_OnNMIINT                             0x00000741   Thumb Code     2  events.o(.text)
    GPIO1_OnPortEvent                        0x00000743   Thumb Code    14  events.o(.text)
    GPIO1_Interrupt                          0x00000751   Thumb Code    34  gpio1.o(.text)
    GPIO1_Init                               0x00000773   Thumb Code   138  gpio1.o(.text)
    GPIO1_SetFieldValue                      0x000007fd   Thumb Code    36  gpio1.o(.text)
    GPIO1_GetFieldValue                      0x00000821   Thumb Code    26  gpio1.o(.text)
    GPIO1_ClearFieldBits                     0x0000083b   Thumb Code    24  gpio1.o(.text)
    GPIO1_SetFieldBits                       0x00000853   Thumb Code    24  gpio1.o(.text)
    GPIO1_ToggleFieldBits                    0x0000086b   Thumb Code    24  gpio1.o(.text)
    IO1_Init                                 0x000008a5   Thumb Code   204  io1.o(.text)
    IO1_Main                                 0x000009cb   Thumb Code    74  io1.o(.text)
    SystemTimer1_OnCounterRestart            0x00000a31   Thumb Code    10  mqx1.o(.text)
    SystemTimer1_GetTicsPerSecond            0x00000a3b   Thumb Code    28  mqx1.o(.text)
    system_timer_init                        0x00000a57   Thumb Code    62  mqx1.o(.text)
    system_timer_start                       0x00000a95   Thumb Code    16  mqx1.o(.text)
    mqx_initialize_heap                      0x00000aa5   Thumb Code    46  mqx1.o(.text)
    PEX_RTOS_InstallInterrupt                0x00000ad3   Thumb Code    34  mqx1.o(.text)
    SystemTimer1_Interrupt                   0x00000b01   Thumb Code    28  systemtimer1.o(.text)
    SystemTimer1_Init                        0x00000b1d   Thumb Code    74  systemtimer1.o(.text)
    SystemTimer1_Deinit                      0x00000b67   Thumb Code    36  systemtimer1.o(.text)
    SystemTimer1_Enable                      0x00000b8b   Thumb Code    20  systemtimer1.o(.text)
    SystemTimer1_Disable                     0x00000b9f   Thumb Code    18  systemtimer1.o(.text)
    SystemTimer1_GetInputFrequency           0x00000bb1   Thumb Code     6  systemtimer1.o(.text)
    SystemTimer1_GetPeriodTicks              0x00000bb7   Thumb Code    24  systemtimer1.o(.text)
    SystemTimer1_ResetCounter                0x00000bcf   Thumb Code    52  systemtimer1.o(.text)
    SystemTimer1_GetCounterValue             0x00000c03   Thumb Code     8  systemtimer1.o(.text)
    _mqx_idle_task                           0x00000c29   Thumb Code    12  idletask.o(.text)
    _int_enable                              0x00000c39   Thumb Code    40  int.o(.text)
    _int_disable                             0x00000c61   Thumb Code    26  int.o(.text)
    _int_default_isr                         0x00000c7b   Thumb Code    50  int.o(.text)
    _int_get_default_isr                     0x00000cad   Thumb Code     8  int.o(.text)
    _int_get_exception_handler               0x00000cb5   Thumb Code    62  int.o(.text)
    _int_get_isr                             0x00000cf3   Thumb Code    60  int.o(.text)
    _int_get_isr_data                        0x00000d2f   Thumb Code    62  int.o(.text)
    _int_get_isr_depth                       0x00000d6d   Thumb Code     8  int.o(.text)
    _int_install_default_isr                 0x00000d75   Thumb Code    46  int.o(.text)
    _int_install_exception_isr               0x00000da3   Thumb Code    22  int.o(.text)
    _int_install_isr                         0x00000db9   Thumb Code    86  int.o(.text)
    _int_install_unexpected_isr              0x00000e0f   Thumb Code    22  int.o(.text)
    _int_set_exception_handler               0x00000e25   Thumb Code    78  int.o(.text)
    _int_set_isr_data                        0x00000e73   Thumb Code    76  int.o(.text)
    _int_init                                0x00000ebf   Thumb Code    64  int.o(.text)
    _psp_int_install                         0x00000f19   Thumb Code    14  int_inst.o(.text)
    _int_install_kernel_isr                  0x00000f2d   Thumb Code    16  int_kisr.o(.text)
    _int_unexpected_isr                      0x00000f3d   Thumb Code    88  int_unx.o(.text)
    _int_set_vector_table                    0x00000f99   Thumb Code    24  int_vtab.o(.text)
    _int_get_vector_table                    0x00000fb1   Thumb Code    14  int_vtab.o(.text)
    _int_exception_isr                       0x00000fc1   Thumb Code   144  int_xcpt.o(.text)
    _lwmem_alloc_internal                    0x00001055   Thumb Code   232  lwmem.o(.text)
    _lwmem_alloc_at_internal                 0x0000113d   Thumb Code   270  lwmem.o(.text)
    _lwmem_alloc_align_internal              0x0000124b   Thumb Code   304  lwmem.o(.text)
    _lwmem_alloc                             0x0000137b   Thumb Code    30  lwmem.o(.text)
    _lwmem_alloc_at                          0x00001399   Thumb Code    36  lwmem.o(.text)
    _lwmem_alloc_align                       0x000013bd   Thumb Code    36  lwmem.o(.text)
    _lwmem_get_system_pool_id                0x000013e1   Thumb Code    12  lwmem.o(.text)
    _lwmem_alloc_from                        0x000013ed   Thumb Code    28  lwmem.o(.text)
    _lwmem_alloc_align_from                  0x00001409   Thumb Code    34  lwmem.o(.text)
    _lwmem_alloc_zero                        0x0000142b   Thumb Code    38  lwmem.o(.text)
    _lwmem_alloc_zero_from                   0x00001451   Thumb Code    28  lwmem.o(.text)
    _lwmem_create_pool                       0x0000146d   Thumb Code   174  lwmem.o(.text)
    _lwmem_create_pool_mapped                0x0000151b   Thumb Code    42  lwmem.o(.text)
    _lwmem_free                              0x00001545   Thumb Code   284  lwmem.o(.text)
    _lwmem_get_free_internal                 0x00001661   Thumb Code    72  lwmem.o(.text)
    _lwmem_get_free                          0x000016a9   Thumb Code    22  lwmem.o(.text)
    _lwmem_get_free_from                     0x000016bf   Thumb Code    20  lwmem.o(.text)
    _lwmem_alloc_system_from                 0x000016d3   Thumb Code    30  lwmem.o(.text)
    _lwmem_alloc_system                      0x000016f1   Thumb Code    32  lwmem.o(.text)
    _lwmem_alloc_system_align                0x00001711   Thumb Code    38  lwmem.o(.text)
    _lwmem_alloc_system_align_from           0x00001737   Thumb Code    36  lwmem.o(.text)
    _lwmem_init_internal                     0x0000175b   Thumb Code    40  lwmem.o(.text)
    _lwmem_get_next_block_internal           0x00001783   Thumb Code   124  lwmem.o(.text)
    _lwmem_set_default_pool                  0x000017ff   Thumb Code    16  lwmem.o(.text)
    _lwmem_get_size                          0x0000180f   Thumb Code    60  lwmem.o(.text)
    _lwmem_get_highwater                     0x0000184b   Thumb Code    14  lwmem.o(.text)
    _lwmem_test                              0x00001859   Thumb Code   250  lwmem.o(.text)
    _lwmem_transfer                          0x00001953   Thumb Code    94  lwmem.o(.text)
    _lwmem_transfer_internal                 0x000019b1   Thumb Code    10  lwmem.o(.text)
    _lwmem_transfer_td_internal              0x000019bb   Thumb Code    18  lwmem.o(.text)
    _lwmem_alloc_system_zero_from            0x000019cd   Thumb Code    30  lwmem.o(.text)
    _lwmem_alloc_system_zero                 0x000019eb   Thumb Code    32  lwmem.o(.text)
    _lwsem_create_internal                   0x00001a15   Thumb Code   116  lwsem.o(.text)
    _lwsem_create                            0x00001a89   Thumb Code    20  lwsem.o(.text)
    _lwsem_create_hidden                     0x00001a9d   Thumb Code    20  lwsem.o(.text)
    _lwsem_destroy_internal                  0x00001ab1   Thumb Code   204  lwsem.o(.text)
    _lwsem_destroy                           0x00001b7d   Thumb Code    14  lwsem.o(.text)
    _lwsem_poll                              0x00001b8b   Thumb Code    96  lwsem.o(.text)
    _lwsem_post                              0x00001beb   Thumb Code   214  lwsem.o(.text)
    _lwsem_test                              0x00001cc1   Thumb Code   124  lwsem.o(.text)
    _lwsem_wait                              0x00001d3d   Thumb Code   168  lwsem.o(.text)
    _lwsem_wait_timed_internal               0x00001de5   Thumb Code    84  lwsem.o(.text)
    _lwsem_wait_for                          0x00001e39   Thumb Code   150  lwsem.o(.text)
    _lwsem_wait_ticks                        0x00001ecf   Thumb Code   214  lwsem.o(.text)
    _lwsem_wait_until                        0x00001fa5   Thumb Code   148  lwsem.o(.text)
    main                                     0x00002045   Thumb Code    12  main.o(.text)
    _mem_zero                                0x00002051   Thumb Code   254  mem_zero.o(.text)
    LEDs_Init                                0x00002151   Thumb Code   104  mqx_tasks.o(.text)
    LED_Toggle                               0x000021b9   Thumb Code    42  mqx_tasks.o(.text)
    Task1_task                               0x000021e3   Thumb Code    28  mqx_tasks.o(.text)
    _mqx_get_kernel_data                     0x00002215   Thumb Code     6  mqx_utils.o(.text)
    _mqx_fatal_error                         0x0000221b   Thumb Code    12  mqx_utils.o(.text)
    _mqx_get_cpu_type                        0x00002227   Thumb Code     8  mqx_utils.o(.text)
    _mqx_set_cpu_type                        0x0000222f   Thumb Code     8  mqx_utils.o(.text)
    _mqx_get_initialization                  0x00002237   Thumb Code    12  mqx_utils.o(.text)
    _mqx_get_exit_handler                    0x00002243   Thumb Code     4  mqx_utils.o(.text)
    _mqx_set_exit_handler                    0x00002247   Thumb Code     2  mqx_utils.o(.text)
    _mqx_get_system_task_id                  0x00002249   Thumb Code     8  mqx_utils.o(.text)
    _mqx_init_kernel_data_internal           0x00002251   Thumb Code   240  mqx_utils.o(.text)
    _mqxlite_init                            0x00002365   Thumb Code   178  mqxlite.o(.text)
    _mqx_exit                                0x00002417   Thumb Code    10  mqxlite.o(.text)
    _mqxlite                                 0x00002421   Thumb Code   136  mqxlite.o(.text)
    _psp_int_init                            0x000024c5   Thumb Code    28  psp_iinit.o(.text)
    _psp_add_ticks                           0x000024e1   Thumb Code    78  psp_tiad.o(.text)
    _psp_normalize_ticks                     0x00002535   Thumb Code    58  psp_tinm.o(.text)
    _psp_subtract_ticks                      0x00002575   Thumb Code    64  psp_tisu.o(.text)
    _psp_subtract_ticks_int32                0x000025b5   Thumb Code   122  psp_tisu.o(.text)
    _queue_test                              0x00002639   Thumb Code   104  qu_test.o(.text)
    _psp_set_kernel_disable_level            0x000026a1   Thumb Code    92  sc_irdyq.o(.text)
    _psp_init_readyqs                        0x000026fd   Thumb Code    86  sc_irdyq.o(.text)
    _sched_get_max_priority                  0x00002761   Thumb Code     6  sched.o(.text)
    _sched_get_min_priority                  0x00002767   Thumb Code    12  sched.o(.text)
    _sched_yield                             0x00002773   Thumb Code   112  sched.o(.text)
    _sched_set_priority_internal             0x000027e3   Thumb Code   128  sched.o(.text)
    _sched_boost_priority_internal           0x00002863   Thumb Code    36  sched.o(.text)
    _sched_unboost_priority_internal         0x00002887   Thumb Code    62  sched.o(.text)
    _sched_insert_priorityq_internal         0x000028c5   Thumb Code    56  sched.o(.text)
    _sched_get_max_priority_on_q_internal    0x000028fd   Thumb Code    38  sched.o(.text)
    _psp_build_stack_frame                   0x00002929   Thumb Code    86  stack_bu.o(.text)
    _psp_destroy_stack_frame                 0x00002985   Thumb Code     2  stack_de.o(.text)
    _psp_get_stack_start                     0x00002987   Thumb Code     8  stack_st.o(.text)
    _task_ready_internal                     0x00002991   Thumb Code    34  task.o(.text)
    _task_set_error                          0x000029b3   Thumb Code    48  task.o(.text)
    _task_ready                              0x000029e3   Thumb Code   118  task.o(.text)
    _task_get_td                             0x00002a59   Thumb Code   128  task.o(.text)
    _task_destroy_internal                   0x00002ad9   Thumb Code   412  task.o(.text)
    _task_destroy                            0x00002c75   Thumb Code    14  task.o(.text)
    _task_exit_function_internal             0x00002c83   Thumb Code    16  task.o(.text)
    _task_abort_internal                     0x00002c93   Thumb Code   258  task.o(.text)
    _task_abort                              0x00002d95   Thumb Code    14  task.o(.text)
    _task_fill_stack_internal                0x00002da3   Thumb Code    18  task.o(.text)
    _task_alloc_td_internal                  0x00002db5   Thumb Code   190  task.o(.text)
    _task_init_internal                      0x00002e73   Thumb Code   300  task.o(.text)
    _task_build_internal                     0x00002f9f   Thumb Code   124  task.o(.text)
    _task_create_internal                    0x0000301b   Thumb Code   178  task.o(.text)
    _task_create                             0x000030cd   Thumb Code    22  task.o(.text)
    _task_create_at                          0x000030e3   Thumb Code   152  task.o(.text)
    _task_get_id_from_name                   0x0000317b   Thumb Code   102  task.o(.text)
    _task_get_template_ptr                   0x000031e1   Thumb Code    24  task.o(.text)
    _task_get_template_index                 0x000031f9   Thumb Code    68  task.o(.text)
    _task_get_id_from_td                     0x0000323d   Thumb Code    12  task.o(.text)
    _task_get_index_from_id                  0x00003249   Thumb Code    24  task.o(.text)
    _task_get_parameter_internal             0x00003261   Thumb Code    16  task.o(.text)
    _task_get_parameter                      0x00003271   Thumb Code    14  task.o(.text)
    _task_get_parameter_for                  0x0000327f   Thumb Code    20  task.o(.text)
    _task_set_parameter_internal             0x00003293   Thumb Code    22  task.o(.text)
    _task_set_parameter                      0x000032a9   Thumb Code    22  task.o(.text)
    _task_set_parameter_for                  0x000032bf   Thumb Code    34  task.o(.text)
    _task_get_priority                       0x000032e1   Thumb Code    32  task.o(.text)
    _task_set_priority                       0x00003301   Thumb Code   162  task.o(.text)
    _task_restart                            0x00003595   Thumb Code    30  task.o(.text)
    _task_stop_preemption                    0x000035b3   Thumb Code    28  task.o(.text)
    _task_start_preemption                   0x000035cf   Thumb Code    42  task.o(.text)
    _task_check_stack                        0x000035f9   Thumb Code    28  task.o(.text)
    _task_get_creator                        0x00003615   Thumb Code    10  task.o(.text)
    _task_get_error                          0x0000361f   Thumb Code    22  task.o(.text)
    _task_get_error_ptr                      0x00003635   Thumb Code    22  task.o(.text)
    _task_get_id                             0x0000364b   Thumb Code    10  task.o(.text)
    _task_exiting_function_internal          0x00003655   Thumb Code     2  task.o(.text)
    _task_sync_priority_internal             0x00003657   Thumb Code     2  task.o(.text)
    _task_set_error_td_internal              0x00003659   Thumb Code    16  task.o(.text)
    _time_delay_internal                     0x0000366d   Thumb Code   158  time_ticks.o(.text)
    _time_delay_for                          0x0000370b   Thumb Code   102  time_ticks.o(.text)
    _time_delay_ticks                        0x00003771   Thumb Code   100  time_ticks.o(.text)
    _time_delay_until                        0x000037d5   Thumb Code    96  time_ticks.o(.text)
    _time_diff_ticks                         0x00003835   Thumb Code    38  time_ticks.o(.text)
    _time_diff_ticks_int32                   0x0000385b   Thumb Code    40  time_ticks.o(.text)
    _time_dequeue                            0x00003883   Thumb Code    88  time_ticks.o(.text)
    _time_dequeue_td                         0x000038db   Thumb Code    74  time_ticks.o(.text)
    _time_get_elapsed_ticks                  0x00003925   Thumb Code   118  time_ticks.o(.text)
    _time_get_elapsed_ticks_fast             0x0000399b   Thumb Code    64  time_ticks.o(.text)
    _time_get_hwticks                        0x000039db   Thumb Code    34  time_ticks.o(.text)
    _time_get_ticks                          0x000039fd   Thumb Code   142  time_ticks.o(.text)
    _time_get_hwticks_per_tick               0x00003a8b   Thumb Code    12  time_ticks.o(.text)
    _time_init_ticks                         0x00003a97   Thumb Code    50  time_ticks.o(.text)
    _time_notify_kernel                      0x00003ac9   Thumb Code   330  time_ticks.o(.text)
    _time_set_ticks                          0x00003c13   Thumb Code    80  time_ticks.o(.text)
    _time_set_timer_vector                   0x00003c63   Thumb Code    12  time_ticks.o(.text)
    _time_set_hwtick_function                0x00003c6f   Thumb Code    16  time_ticks.o(.text)
    _time_set_hwticks_per_tick               0x00003c7f   Thumb Code    12  time_ticks.o(.text)
    _time_get_ticks_per_sec                  0x00003c8b   Thumb Code    12  time_ticks.o(.text)
    SegLCD_Init                              0x00003ca1   Thumb Code   194  seg_lcd.o(.text)
    SegLCD_DisplayError                      0x00003d63   Thumb Code    66  seg_lcd.o(.text)
    SegLCD_Set                               0x00003da5   Thumb Code   528  seg_lcd.o(.text)
    SegLCD_DisplayDecimal                    0x00003fb5   Thumb Code   132  seg_lcd.o(.text)
    SegLCD_DisplayHex                        0x00004039   Thumb Code    56  seg_lcd.o(.text)
    SegLCD_DisplayTime                       0x00004071   Thumb Code   168  seg_lcd.o(.text)
    strncmp                                  0x00004119   Thumb Code   154  strncmp.o(.text)
    __aeabi_uidiv                            0x000041b9   Thumb Code     0  aeabi_sdiv.o(.text)
    __aeabi_uidivmod                         0x000041b9   Thumb Code    20  aeabi_sdiv.o(.text)
    __aeabi_idiv                             0x000041cd   Thumb Code     0  aeabi_sdiv.o(.text)
    __aeabi_idivmod                          0x000041cd   Thumb Code   326  aeabi_sdiv.o(.text)
    exit                                     0x00004313   Thumb Code    12  exit.o(.text)
    _sys_exit                                0x00004321   Thumb Code     8  sys_exit.o(.text)
    __I$use$semihosting                      0x0000432d   Thumb Code     0  use_no_semi.o(.text)
    __use_no_semihosting_swi                 0x0000432d   Thumb Code     2  use_no_semi.o(.text)
    __semihosting_library_function           0x0000432f   Thumb Code     0  indicate_semi.o(.text)
    _sched_start_internal                    0x00004331   Thumb Code     0  dispatch.o(KERNEL)
    _sched_run_internal                      0x00004337   Thumb Code     0  dispatch.o(KERNEL)
    _sched_check_scheduler_internal          0x0000433d   Thumb Code     0  dispatch.o(KERNEL)
    _sched_execute_scheduler_internal        0x00004355   Thumb Code     0  dispatch.o(KERNEL)
    _mqx_api_call                            0x0000441d   Thumb Code     0  dispatch.o(KERNEL)
    _task_block                              0x0000441f   Thumb Code     0  dispatch.o(KERNEL)
    _int_kernel_isr                          0x00004467   Thumb Code     0  dispatch.o(KERNEL)
    _psp_exception_return                    0x00004511   Thumb Code     0  dispatch.o(KERNEL)
    _mem_test_and_set                        0x00004549   Thumb Code     0  dispatch.o(KERNEL)
    __get_PSP                                0x0000455f   Thumb Code     0  dispatch.o(KERNEL)
    __get_MSP                                0x00004565   Thumb Code     0  dispatch.o(KERNEL)
    __set_MSP                                0x0000456b   Thumb Code     0  dispatch.o(KERNEL)
    __get_PSR                                0x00004571   Thumb Code     0  dispatch.o(KERNEL)
    __enable_interrupt                       0x00004577   Thumb Code     0  dispatch.o(KERNEL)
    __disable_interrupt                      0x0000457b   Thumb Code     0  dispatch.o(KERNEL)
    __get_LR                                 0x0000457f   Thumb Code     0  dispatch.o(KERNEL)
    __get_PC                                 0x00004583   Thumb Code     0  dispatch.o(KERNEL)
    __get_CONTROL                            0x00004587   Thumb Code     0  dispatch.o(KERNEL)
    __ARM_common_switch8                     0x000045a9   Thumb Code    28  mem_zero.o(i.__ARM_common_switch8)
    MQX_init_struct                          0x000045c4   Data          36  mqx1.o(.constdata)
    _mqx_zero_tick_struct                    0x00004604   Data          12  mqxlite.o(.constdata)
    _mqx_version_number                      0x00004610   Data           4  mqxlite.o(.constdata)
    _mqx_version                             0x00004614   Data           4  mqxlite.o(.constdata)
    _mqx_vendor                              0x00004618   Data           4  mqxlite.o(.constdata)
    _mqx_path                                0x0000461c   Data           4  mqxlite.o(.constdata)
    _mqx_generic_revision                    0x00004620   Data           4  mqxlite.o(.constdata)
    _mqx_psp_revision                        0x00004624   Data           4  mqxlite.o(.constdata)
    _mqx_copyright                           0x00004628   Data           4  mqxlite.o(.constdata)
    _mqx_date                                0x0000462c   Data           4  mqxlite.o(.constdata)
    _mqxlite_version_number                  0x00004630   Data           4  mqxlite.o(.constdata)
    _mqxlite_version                         0x00004634   Data           4  mqxlite.o(.constdata)
    MQX_template_list                        0x00004638   Data          56  task_template_list.o(.constdata)
    Region$$Table$$Base                      0x00004764   Number         0  anon$$obj.o(Region$$Table)
    Region$$Table$$Limit                     0x00004784   Number         0  anon$$obj.o(Region$$Table)
    mqx_task_stack_pointers                  0x1fffe000   Data           8  mqx1.o(.data)
    _mqx_kernel_data                         0x1fffe00c   Data           4  mqxlite.o(.data)
    _mqx_system_stack                        0x1fffe010   Data           4  mqxlite.o(.data)
    _tad_task_at_flag                        0x1fffe014   Data           4  task.o(.data)
    Task1_task_stack                         0x1fffe040   Data         636  mqx1.o(.bss)
    _mqx_kernel_data_struct                  0x1fffe2bc   Data         568  mqx1.o(.bss)
    mqx_static_ready_queue                   0x1fffe4f4   Data         160  mqx1.o(.bss)
    mqx_static_isr_table                     0x1fffe594   Data         396  mqx1.o(.bss)
    mqx_interrupt_stack                      0x1fffe720   Data         272  mqx1.o(.bss)
    mqx_idle_task_stack                      0x1fffe830   Data         288  mqx1.o(.bss)
    PE_LDD_DeviceDataList                    0x1fffe950   Data          16  pe_ldd.o(.bss)
    Image$$ARM_LIB_HEAP$$ZI$$Base            0x20005400   Number         0  anon$$obj.o ABSOLUTE
    Image$$ARM_LIB_HEAP$$ZI$$Limit           0x20005c00   Number         0  anon$$obj.o ABSOLUTE
    Image$$ARM_LIB_STACK$$ZI$$Limit          0x20006000   Number         0  anon$$obj.o ABSOLUTE



==============================================================================

Memory Map of the image

  Image Entry point : 0x0000048d

  Load Region LR_m_text (Base: 0x00000410, Size: 0x0000438c, Max: 0x0003fbf0, ABSOLUTE)

    Execution Region ER_m_text (Base: 0x00000410, Size: 0x00004374, Max: 0x0003fbf0, ABSOLUTE)

    Base Addr    Size         Type   Attr      Idx    E Section Name        Object

    0x00000410   0x00000008   Code   RO          964  * !!!main             c_p.l(__main.o)
    0x00000418   0x0000003c   Code   RO         1150    !!!scatter          c_p.l(__scatter.o)
    0x00000454   0x0000001a   Code   RO         1152    !!handler_copy      c_p.l(__scatter_copy.o)
    0x0000046e   0x00000002   PAD
    0x00000470   0x0000001c   Code   RO         1154    !!handler_zi        c_p.l(__scatter_zi.o)
    0x0000048c   0x00000034   Code   RO            3  * . text              boot.o
    0x000004c0   0x00000002   Code   RO         1016    .ARM.Collect$$libinit$$00000000  c_p.l(libinit.o)
    0x000004c2   0x00000000   Code   RO         1032    .ARM.Collect$$libinit$$00000002  c_p.l(libinit2.o)
    0x000004c2   0x00000000   Code   RO         1034    .ARM.Collect$$libinit$$00000004  c_p.l(libinit2.o)
    0x000004c2   0x00000000   Code   RO         1037    .ARM.Collect$$libinit$$0000000A  c_p.l(libinit2.o)
    0x000004c2   0x00000000   Code   RO         1039    .ARM.Collect$$libinit$$0000000C  c_p.l(libinit2.o)
    0x000004c2   0x00000000   Code   RO         1041    .ARM.Collect$$libinit$$0000000E  c_p.l(libinit2.o)
    0x000004c2   0x00000000   Code   RO         1044    .ARM.Collect$$libinit$$00000011  c_p.l(libinit2.o)
    0x000004c2   0x00000000   Code   RO         1046    .ARM.Collect$$libinit$$00000013  c_p.l(libinit2.o)
    0x000004c2   0x00000000   Code   RO         1048    .ARM.Collect$$libinit$$00000015  c_p.l(libinit2.o)
    0x000004c2   0x00000000   Code   RO         1050    .ARM.Collect$$libinit$$00000017  c_p.l(libinit2.o)
    0x000004c2   0x00000000   Code   RO         1052    .ARM.Collect$$libinit$$00000019  c_p.l(libinit2.o)
    0x000004c2   0x00000000   Code   RO         1054    .ARM.Collect$$libinit$$0000001B  c_p.l(libinit2.o)
    0x000004c2   0x00000000   Code   RO         1056    .ARM.Collect$$libinit$$0000001D  c_p.l(libinit2.o)
    0x000004c2   0x00000000   Code   RO         1058    .ARM.Collect$$libinit$$0000001F  c_p.l(libinit2.o)
    0x000004c2   0x00000000   Code   RO         1060    .ARM.Collect$$libinit$$00000021  c_p.l(libinit2.o)
    0x000004c2   0x00000000   Code   RO         1062    .ARM.Collect$$libinit$$00000023  c_p.l(libinit2.o)
    0x000004c2   0x00000000   Code   RO         1064    .ARM.Collect$$libinit$$00000025  c_p.l(libinit2.o)
    0x000004c2   0x00000000   Code   RO         1068    .ARM.Collect$$libinit$$0000002C  c_p.l(libinit2.o)
    0x000004c2   0x00000000   Code   RO         1070    .ARM.Collect$$libinit$$0000002E  c_p.l(libinit2.o)
    0x000004c2   0x00000000   Code   RO         1072    .ARM.Collect$$libinit$$00000030  c_p.l(libinit2.o)
    0x000004c2   0x00000000   Code   RO         1074    .ARM.Collect$$libinit$$00000032  c_p.l(libinit2.o)
    0x000004c2   0x00000002   Code   RO         1075    .ARM.Collect$$libinit$$00000033  c_p.l(libinit2.o)
    0x000004c4   0x00000002   Code   RO         1108    .ARM.Collect$$libshutdown$$00000000  c_p.l(libshutdown.o)
    0x000004c6   0x00000000   Code   RO         1135    .ARM.Collect$$libshutdown$$00000003  c_p.l(libshutdown2.o)
    0x000004c6   0x00000000   Code   RO         1138    .ARM.Collect$$libshutdown$$00000006  c_p.l(libshutdown2.o)
    0x000004c6   0x00000000   Code   RO         1141    .ARM.Collect$$libshutdown$$00000009  c_p.l(libshutdown2.o)
    0x000004c6   0x00000000   Code   RO         1143    .ARM.Collect$$libshutdown$$0000000B  c_p.l(libshutdown2.o)
    0x000004c6   0x00000000   Code   RO         1146    .ARM.Collect$$libshutdown$$0000000E  c_p.l(libshutdown2.o)
    0x000004c6   0x00000002   Code   RO         1147    .ARM.Collect$$libshutdown$$0000000F  c_p.l(libshutdown2.o)
    0x000004c8   0x00000000   Code   RO          966    .ARM.Collect$$rtentry$$00000000  c_p.l(__rtentry.o)
    0x000004c8   0x00000000   Code   RO          977    .ARM.Collect$$rtentry$$00000002  c_p.l(__rtentry2.o)
    0x000004c8   0x00000004   Code   RO          991    .ARM.Collect$$rtentry$$00000007  c_p.l(__rtentry7.o)
    0x000004cc   0x00000000   Code   RO          979    .ARM.Collect$$rtentry$$00000009  c_p.l(__rtentry2.o)
    0x000004cc   0x00000004   Code   RO          980    .ARM.Collect$$rtentry$$0000000A  c_p.l(__rtentry2.o)
    0x000004d0   0x00000000   Code   RO          982    .ARM.Collect$$rtentry$$0000000C  c_p.l(__rtentry2.o)
    0x000004d0   0x00000008   Code   RO          983    .ARM.Collect$$rtentry$$0000000D  c_p.l(__rtentry2.o)
    0x000004d8   0x00000004   Code   RO          992    .ARM.Collect$$rtentry$$00002718  c_p.l(__rtentry7.o)
    0x000004dc   0x00000002   Code   RO         1023    .ARM.Collect$$rtexit$$00000000  c_p.l(rtexit.o)
    0x000004de   0x00000000   Code   RO         1086    .ARM.Collect$$rtexit$$00000002  c_p.l(rtexit2.o)
    0x000004de   0x00000004   Code   RO         1087    .ARM.Collect$$rtexit$$00000003  c_p.l(rtexit2.o)
    0x000004e2   0x00000006   Code   RO         1088    .ARM.Collect$$rtexit$$00000004  c_p.l(rtexit2.o)
    0x000004e8   0x00000010   Code   RO          274    .emb_text           mqx1.o
    0x000004f8   0x00000010   Code   RO          802    .emb_text           startup_arm_cc.o
    0x00000508   0x00000038   Code   RO          956    .emb_text           c_p.l(rt_memcpy.o)
    0x00000540   0x00000200   Code   RO           12    .text               cpu.o
    0x00000740   0x00000010   Code   RO          183    .text               events.o
    0x00000750   0x00000154   Code   RO          242    .text               gpio1.o
    0x000008a4   0x0000018c   Code   RO          256    .text               io1.o
    0x00000a30   0x000000d0   Code   RO          275    .text               mqx1.o
    0x00000b00   0x00000128   Code   RO          335    .text               systemtimer1.o
    0x00000c28   0x00000010   Code   RO          403    .text               idletask.o
    0x00000c38   0x000002e0   Code   RO          415    .text               int.o
    0x00000f18   0x00000014   Code   RO          440    .text               int_inst.o
    0x00000f2c   0x00000010   Code   RO          452    .text               int_kisr.o
    0x00000f3c   0x0000005c   Code   RO          470    .text               int_unx.o
    0x00000f98   0x00000026   Code   RO          482    .text               int_vtab.o
    0x00000fbe   0x00000002   PAD
    0x00000fc0   0x00000094   Code   RO          494    .text               int_xcpt.o
    0x00001054   0x000009c0   Code   RO          524    .text               lwmem.o
    0x00001a14   0x00000630   Code   RO          545    .text               lwsem.o
    0x00002044   0x0000000c   Code   RO          563    .text               main.o
    0x00002050   0x000000fe   Code   RO          575    .text               mem_zero.o
    0x0000214e   0x00000002   PAD
    0x00002150   0x000000c4   Code   RO          589    .text               mqx_tasks.o
    0x00002214   0x00000150   Code   RO          606    .text               mqx_utils.o
    0x00002364   0x00000160   Code   RO          622    .text               mqxlite.o
    0x000024c4   0x0000001c   Code   RO          655    .text               psp_iinit.o
    0x000024e0   0x00000054   Code   RO          679    .text               psp_tiad.o
    0x00002534   0x00000040   Code   RO          691    .text               psp_tinm.o
    0x00002574   0x000000c4   Code   RO          715    .text               psp_tisu.o
    0x00002638   0x00000068   Code   RO          727    .text               qu_test.o
    0x000026a0   0x000000c0   Code   RO          742    .text               sc_irdyq.o
    0x00002760   0x000001c8   Code   RO          754    .text               sched.o
    0x00002928   0x0000005c   Code   RO          766    .text               stack_bu.o
    0x00002984   0x00000002   Code   RO          778    .text               stack_de.o
    0x00002986   0x00000008   Code   RO          790    .text               stack_st.o
    0x0000298e   0x00000002   PAD
    0x00002990   0x00000cdc   Code   RO          815    .text               task.o
    0x0000366c   0x00000634   Code   RO          861    .text               time_ticks.o
    0x00003ca0   0x00000478   Code   RO          887    .text               seg_lcd.o
    0x00004118   0x000000a0   Code   RO          954    .text               c_p.l(strncmp.o)
    0x000041b8   0x0000015a   Code   RO          960    .text               c_p.l(aeabi_sdiv.o)
    0x00004312   0x0000000c   Code   RO         1005    .text               c_p.l(exit.o)
    0x0000431e   0x00000002   PAD
    0x00004320   0x0000000c   Code   RO         1080    .text               c_p.l(sys_exit.o)
    0x0000432c   0x00000002   Code   RO         1082    .text               c_p.l(use_no_semi.o)
    0x0000432e   0x00000000   Code   RO         1084    .text               c_p.l(indicate_semi.o)
    0x0000432e   0x00000002   PAD
    0x00004330   0x00000278   Code   RO            8    KERNEL              dispatch.o
    0x000045a8   0x0000001c   Code   RO          584    i.__ARM_common_switch8  mem_zero.o
    0x000045c4   0x00000024   Data   RO          277    .constdata          mqx1.o
    0x000045e8   0x0000001c   Data   RO          590    .constdata          mqx_tasks.o
    0x00004604   0x00000034   Data   RO          623    .constdata          mqxlite.o
    0x00004638   0x00000038   Data   RO          844    .constdata          task_template_list.o
    0x00004670   0x0000000c   Data   RO          888    .constdata          seg_lcd.o
    0x0000467c   0x000000e0   Data   RO          624    .conststring        mqxlite.o
    0x0000475c   0x00000006   Data   RO          845    .conststring        task_template_list.o
    0x00004762   0x00000002   PAD
    0x00004764   0x00000020   Data   RO         1148    Region$$Table       anon$$obj.o


    Execution Region RW_m_data (Base: 0x1fffe000, Size: 0x0000096c, Max: 0x00007400, ABSOLUTE)

    Base Addr    Size         Type   Attr      Idx    E Section Name        Object

    0x1fffe000   0x0000000c   Data   RW          278    .data               mqx1.o
    0x1fffe00c   0x00000008   Data   RW          625    .data               mqxlite.o
    0x1fffe014   0x00000004   Data   RW          816    .data               task.o
    0x1fffe018   0x00000010   Zero   RW          243    .bss                gpio1.o
    0x1fffe028   0x00000018   Zero   RW          257    .bss                io1.o
    0x1fffe040   0x00000910   Zero   RW          276    .bss                mqx1.o
    0x1fffe950   0x00000010   Zero   RW          307    .bss                pe_ldd.o
    0x1fffe960   0x0000000c   Zero   RW          336    .bss                systemtimer1.o


    Execution Region ARM_LIB_HEAP (Base: 0x20005400, Size: 0x00000800, Max: 0x00000800, ABSOLUTE)

    Base Addr    Size         Type   Attr      Idx    E Section Name        Object

    0x20005400   0x00000800   Zero   RW            2    ARM_LIB_HEAP.bss    anon$$obj.o


    Execution Region ARM_LIB_STACK (Base: 0x20005c00, Size: 0x00000400, Max: 0x00000400, ABSOLUTE)

    Base Addr    Size         Type   Attr      Idx    E Section Name        Object

    0x20005c00   0x00000400   Zero   RW            1    ARM_LIB_STACK.bss   anon$$obj.o



  Load Region LR_m_interrupts (Base: 0x00000000, Size: 0x000000c0, Max: 0x000000c0, ABSOLUTE)

    Execution Region ER_m_interrupts (Base: 0x00000000, Size: 0x000000c0, Max: 0x000000c0, ABSOLUTE)

    Base Addr    Size         Type   Attr      Idx    E Section Name        Object

    0x00000000   0x000000c0   Data   RO          353    .vectortable        vectors.o



  Load Region LR_FlashConfig (Base: 0x00000400, Size: 0x00000010, Max: 0x00000010, ABSOLUTE)

    Execution Region ER_FlashConfig (Base: 0x00000400, Size: 0x00000010, Max: 0x00000010, ABSOLUTE)

    Base Addr    Size         Type   Attr      Idx    E Section Name        Object

    0x00000400   0x00000010   Data   RO           13    .cfmconfig          cpu.o


==============================================================================

Image component sizes


      Code (inc. data)   RO Data    RW Data    ZI Data      Debug   Object Name

        52         14          0          0          0        368   boot.o
         0          0          0          0          0       2012   cortex.o
       512         62         16          0          0     267649   cpu.o
       632         28          0          0          0        620   dispatch.o
        16          0          0          0          0      80363   events.o
       340         34          0          0         16       2939   gpio1.o
        16          4          0          0          0        845   idletask.o
       736         26          0          0          0       4838   int.o
        20          6          0          0          0        523   int_inst.o
        16          0          0          0          0        618   int_kisr.o
        92          4          0          0          0        714   int_unx.o
        38          0          0          0          0        742   int_vtab.o
       148          4          0          0          0        989   int_xcpt.o
       396         28          0          0         24       1496   io1.o
      2496         30          0          0          0      14244   lwmem.o
      1584         24          0          0          0       6750   lwsem.o
        12          0          0          0          0        455   main.o
       282         18          0          0          0       1072   mem_zero.o
       224         20         36         12       2320      53224   mqx1.o
       196         22         28          0          0       3058   mqx_tasks.o
       336         36          0          0          0       2223   mqx_utils.o
       352         28        276          8          0      30683   mqxlite.o
         0          0          0          0         16      51940   pe_ldd.o
        28          0          0          0          0        664   psp_iinit.o
        84          6          0          0          0        761   psp_tiad.o
        64          6          0          0          0        707   psp_tinm.o
       196         10          0          0          0       1448   psp_tisu.o
       104          0          0          0          0       1178   qu_test.o
       192         14          0          0          0       1362   sc_irdyq.o
       456          6          0          0          0       2967   sched.o
      1144         54         12          0          0       2192   seg_lcd.o
        92          6          0          0          0        933   stack_bu.o
         2          0          0          0          0        519   stack_de.o
         8          0          0          0          0        543   stack_st.o
        16          8          0          0          0        432   startup_arm_cc.o
       296         30          0          0         12       3310   systemtimer1.o
      3292         42          0          4          0      17662   task.o
         0          0         62          0          0        728   task_template_list.o
      1588         18          0          0          0       6905   time_ticks.o
         0          0        192          0          0       2516   vectors.o

    ----------------------------------------------------------------------
     16064        588        656         24       5460     573192   Object Totals
         0          0         32          0       3072          0   (incl. Generated)
         6          0          2          0          0          0   (incl. Padding)

    ----------------------------------------------------------------------

      Code (inc. data)   RO Data    RW Data    ZI Data      Debug   Library Member Name

         8          0          0          0          0         68   __main.o
         0          0          0          0          0          0   __rtentry.o
        12          0          0          0          0          0   __rtentry2.o
         8          4          0          0          0          0   __rtentry7.o
        60          8          0          0          0          0   __scatter.o
        26          0          0          0          0          0   __scatter_copy.o
        28          0          0          0          0          0   __scatter_zi.o
       346          0          0          0          0         92   aeabi_sdiv.o
        12          0          0          0          0         64   exit.o
         0          0          0          0          0          0   indicate_semi.o
         2          0          0          0          0          0   libinit.o
         2          0          0          0          0          0   libinit2.o
         2          0          0          0          0          0   libshutdown.o
         2          0          0          0          0          0   libshutdown2.o
        56          0          0          0          0         68   rt_memcpy.o
         2          0          0          0          0          0   rtexit.o
        10          0          0          0          0          0   rtexit2.o
       160          6          0          0          0         76   strncmp.o
        12          4          0          0          0         60   sys_exit.o
         2          0          0          0          0         68   use_no_semi.o

    ----------------------------------------------------------------------
       756         22          0          0          0        496   Library Totals
         6          0          0          0          0          0   (incl. Padding)

    ----------------------------------------------------------------------

      Code (inc. data)   RO Data    RW Data    ZI Data      Debug   Library Name

       750         22          0          0          0        496   c_p.l

    ----------------------------------------------------------------------
       756         22          0          0          0        496   Library Totals

    ----------------------------------------------------------------------

==============================================================================


      Code (inc. data)   RO Data    RW Data    ZI Data      Debug   

     16820        610        656         24       5460     571300   Grand Totals
     16820        610        656         24       5460     571300   ELF Image Totals
     16820        610        656         24          0          0   ROM Totals

==============================================================================

    Total RO  Size (Code + RO Data)                17476 (  17.07kB)
    Total RW  Size (RW Data + ZI Data)              5484 (   5.36kB)
    Total ROM Size (Code + RO Data + RW Data)      17500 (  17.09kB)

==============================================================================

