<html>
<body>
<pre>
<h1>µVision Build Log</h1>
<h2>Tool Versions:</h2>
IDE-Version: µVision V5.12.0.0
Copyright (C) 2014 ARM Ltd and ARM Germany GmbH. All rights reserved.
License Information: Phuong Dang Minh, FPT, LIC=----
 
Tool Versions:
Toolchain:       MDK-Lite  Version: 5.12.0.0
Toolchain Path:  C:\Keil_v5\ARM\ARMCC\Bin
C Compiler:      Armcc.exe V5.05 (build 41)
Assembler:       Armasm.exe V5.05 (build 41)
Linker/Locator:  ArmLink.exe V5.05 (build 41)
Library Manager: ArmAr.exe V5.05 (build 41)
Hex Converter:   FromElf.exe V5.05 (build 41)
CPU DLL:         SARMCM3.DLL V5.12.0.0
Dialog DLL:      DARMCM1.DLL V1.11.00.0
    Target DLL: Segger\JL2CM3.dll
Dialog DLL:      TARMCM1.DLL V1.08.00.0
 
<h2>Project:</h2>
D:\PERSONAL\Training\Baseline\Baseline_v1.5\Baseline_v1.5\Lecture\MQXLite_examples\lwsem_frdmkl46\lwsem_frdmkl46.uvproj
Project File Date:  11/04/2014

<h2>Output:</h2>
Rebuild target 'MKL46Z256xxx4'
assembling boot.S...
assembling dispatch.S...
MQXLITE\psp\cortex_m\core\M0\dispatch.S(861): warning: A1609W: MOV <rd>,pc instruction does not set bit zero, so does not create a return address
compiling Cpu.c...
compiling CsIO1.c...
compiling Events.c...
compiling IO1.c...
compiling MQX1.c...
compiling PE_LDD.c...
compiling SystemTimer1.c...
compiling Vectors.c...
compiling cortex.c...
compiling idletask.c...
compiling int.c...
compiling int_gkis.c...
compiling int_inst.c...
compiling int_kisr.c...
compiling int_pvta.c...
compiling int_unx.c...
compiling int_vtab.c...
compiling int_xcpt.c...
compiling klog.c...
compiling lwevent.c...
compiling lwlog.c...
compiling lwmem.c...
compiling lwmsgq.c...
compiling lwsem.c...
compiling lwtimer.c...
compiling main.c...
compiling mem_zero.c...
compiling mqx_tasks.c...
compiling mqx_utils.c...
compiling mqxlite.c...
compiling mutex.c...
compiling psp_iinit.c...
compiling psp_supp.c...
compiling psp_tiad.c...
compiling psp_tinm.c...
compiling psp_tipr.c...
compiling psp_tisu.c...
compiling qu_test.c...
compiling sc_irdyq.c...
compiling sched.c...
compiling stack_bu.c...
compiling stack_de.c...
compiling stack_st.c...
compiling startup_ARM_CC.c...
compiling task.c...
compiling task_template_list.c...
compiling time_ticks.c...
linking...
Program Size: Code=16452 RO-data=712 RW-data=40 ZI-data=5824  
".\UVBuild\lwsem_frdmkl46.axf" - 0 Error(s), 1 Warning(s).
</pre>
</body>
</html>
