<html>
<body>
<pre>
<h1>µVision Build Log</h1>
<h2>Tool Versions:</h2>
IDE-Version: µVision V5.13.0.0
Copyright (C) 2014 ARM Ltd and ARM Germany GmbH. All rights reserved.
License Information: Vinh huynh, CNTT, LIC=----
 
Tool Versions:
Toolchain:       MDK-Lite  Version: 5.13.0.0
Toolchain Path:  C:\Program Files (x86)\KeilA\ARM\ARMCC\Bin
C Compiler:      Armcc.exe V5.05 update 1 (build 106)
Assembler:       Armasm.exe V5.05 update 1 (build 106)
Linker/Locator:  ArmLink.exe V5.05 update 1 (build 106)
Library Manager: ArmAr.exe V5.05 update 1 (build 106)
Hex Converter:   FromElf.exe V5.05 update 1 (build 106)
CPU DLL:         SARMCM3.DLL V5.13.0.0
Dialog DLL:      DARMCM1.DLL V1.12.0.0
Target DLL:      PEMicro\Pemicro_ArmCortexInterface.dll V1.11
Dialog DLL:      TARMCM1.DLL V1.9.0.0
 
<h2>Project:</h2>
D:\Hoc Tap\nam23\Embedded_System_Programming\Silde\freescale\MQXLite_examples\gpio_frdmkl46 - Copy\gpio_frdmkl46.uvproj
Project File Date:  08/02/2015

<h2>Output:</h2>
Rebuild target 'MKL46Z256xxx4'
assembling boot.S...
assembling dispatch.S...
MQXLITE\psp\cortex_m\core\M0\dispatch.S(861): warning: A1609W: MOV <rd>,pc instruction does not set bit zero, so does not create a return address
compiling Cpu.c...
compiling CsIO1.c...
compiling Events.c...
compiling GPIO1.c...
compiling IO1.c...
compiling MQX1.c...
compiling PE_LDD.c...
compiling SystemTimer1.c...
compiling Vectors.c...
compiling cortex.c...
compiling idletask.c...
compiling int.c...
compiling int_gkis.c...
compiling int_inst.c...
compiling int_kisr.c...
compiling int_pvta.c...
compiling int_unx.c...
compiling int_vtab.c...
compiling int_xcpt.c...
compiling klog.c...
compiling lwevent.c...
compiling lwlog.c...
compiling lwmem.c...
compiling lwmsgq.c...
compiling lwsem.c...
compiling lwtimer.c...
compiling main.c...
compiling mem_zero.c...
compiling mqx_tasks.c...
compiling mqx_utils.c...
compiling mqxlite.c...
compiling mutex.c...
compiling psp_iinit.c...
compiling psp_supp.c...
compiling psp_tiad.c...
compiling psp_tinm.c...
compiling psp_tipr.c...
compiling psp_tisu.c...
compiling qu_test.c...
compiling sc_irdyq.c...
compiling sched.c...
compiling stack_bu.c...
compiling stack_de.c...
compiling stack_st.c...
compiling startup_ARM_CC.c...
compiling task.c...
compiling task_template_list.c...
compiling time_ticks.c...
compiling LED.c...
linking...
Program Size: Code=17284 RO-data=636 RW-data=32 ZI-data=5460  
".\UVBuild\LED_frdmkl46.axf" - 0 Error(s), 1 Warning(s).
</pre>
</body>
</html>
