<html>
<body>
<pre>
<h1>µVision Build Log</h1>
<h2>Tool Versions:</h2>
IDE-Version: µVision V5.13.0.0
Copyright (C) 2014 ARM Ltd and ARM Germany GmbH. All rights reserved.
License Information: Vinh huynh, CNTT, LIC=----
 
Tool Versions:
Toolchain:       MDK-Lite  Version: 5.13.0.0
Toolchain Path:  C:\Program Files (x86)\KeilA\ARM\ARMCC\Bin
C Compiler:      Armcc.exe V5.05 update 1 (build 106)
Assembler:       Armasm.exe V5.05 update 1 (build 106)
Linker/Locator:  ArmLink.exe V5.05 update 1 (build 106)
Library Manager: ArmAr.exe V5.05 update 1 (build 106)
Hex Converter:   FromElf.exe V5.05 update 1 (build 106)
CPU DLL:         SARMCM3.DLL V5.13.0.0
Dialog DLL:      DARMCM1.DLL V1.12.0.0
Target DLL:      PEMicro\Pemicro_ArmCortexInterface.dll V1.11
Dialog DLL:      TARMCM1.DLL V1.9.0.0
 
<h2>Project:</h2>
D:\Hoc Tap\nam23\Embedded_System_Programming\Silde\freescale\MQXLite_examples\gpio_frdmkl46\gpio_frdmkl46.uvproj
Project File Date:  08/01/2015

<h2>Output:</h2>
Build target 'MKL46Z256xxx4'
compiling mqx_tasks.c...
compiling Seg_LCD.c...
linking...
Program Size: Code=16820 RO-data=656 RW-data=24 ZI-data=5460  
".\UVBuild\gpio_frdmkl46.axf" - 0 Error(s), 0 Warning(s).
</pre>
</body>
</html>
